Archive member included to satisfy reference by file (symbol)

./libopencm3//lib/libopencm3_stm32f4.a(fmc_common_f47.o)
                              sdram.o (sdram_timing)
./libopencm3//lib/libopencm3_stm32f4.a(gpio_common_all.o)
                              lcd-spi.o (gpio_set)
./libopencm3//lib/libopencm3_stm32f4.a(gpio_common_f0234.o)
                              sdram.o (gpio_mode_setup)
./libopencm3//lib/libopencm3_stm32f4.a(rcc_common_all.o)
                              sdram.o (rcc_periph_clock_enable)
./libopencm3//lib/libopencm3_stm32f4.a(rcc.o)
                              clock.o (rcc_clock_setup_pll)
./libopencm3//lib/libopencm3_stm32f4.a(spi_common_all.o)
                              lcd-spi.o (spi_enable)
./libopencm3//lib/libopencm3_stm32f4.a(spi_common_v1.o)
                              lcd-spi.o (spi_init_master)
./libopencm3//lib/libopencm3_stm32f4.a(usart_common_all.o)
                              console.o (usart_set_baudrate)
./libopencm3//lib/libopencm3_stm32f4.a(usart_common_f124.o)
                              ./libopencm3//lib/libopencm3_stm32f4.a(usart_common_all.o) (usart_send)
./libopencm3//lib/libopencm3_stm32f4.a(vector.o)
                              (reset_handler)
./libopencm3//lib/libopencm3_stm32f4.a(systick.o)
                              clock.o (systick_set_reload)
./libopencm3//lib/libopencm3_stm32f4.a(scb.o)
                              console.o (scb_reset_system)
./libopencm3//lib/libopencm3_stm32f4.a(nvic.o)
                              console.o (nvic_enable_irq)
./libopencm3//lib/libopencm3_stm32f4.a(flash_common_all.o)
                              ./libopencm3//lib/libopencm3_stm32f4.a(rcc.o) (flash_set_ws)
./libopencm3//lib/libopencm3_stm32f4.a(flash_common_idcache.o)
                              ./libopencm3//lib/libopencm3_stm32f4.a(rcc.o) (flash_dcache_enable)
./libopencm3//lib/libopencm3_stm32f4.a(pwr.o)
                              ./libopencm3//lib/libopencm3_stm32f4.a(rcc.o) (pwr_set_vos_scale)
/usr/lib/gcc/arm-none-eabi/9.2.1/../../../arm-none-eabi/lib/thumb/v7e-m+fp/hard/libc.a(lib_a-sprintf.o)
                              sismografo.o (sprintf)
/usr/lib/gcc/arm-none-eabi/9.2.1/../../../arm-none-eabi/lib/thumb/v7e-m+fp/hard/libc.a(lib_a-svfprintf.o)
                              /usr/lib/gcc/arm-none-eabi/9.2.1/../../../arm-none-eabi/lib/thumb/v7e-m+fp/hard/libc.a(lib_a-sprintf.o) (_svfprintf_r)
/usr/lib/gcc/arm-none-eabi/9.2.1/../../../arm-none-eabi/lib/thumb/v7e-m+fp/hard/libc.a(lib_a-dtoa.o)
                              /usr/lib/gcc/arm-none-eabi/9.2.1/../../../arm-none-eabi/lib/thumb/v7e-m+fp/hard/libc.a(lib_a-svfprintf.o) (_dtoa_r)
/usr/lib/gcc/arm-none-eabi/9.2.1/../../../arm-none-eabi/lib/thumb/v7e-m+fp/hard/libc.a(lib_a-impure.o)
                              /usr/lib/gcc/arm-none-eabi/9.2.1/../../../arm-none-eabi/lib/thumb/v7e-m+fp/hard/libc.a(lib_a-sprintf.o) (_impure_ptr)
/usr/lib/gcc/arm-none-eabi/9.2.1/../../../arm-none-eabi/lib/thumb/v7e-m+fp/hard/libc.a(lib_a-localeconv.o)
                              /usr/lib/gcc/arm-none-eabi/9.2.1/../../../arm-none-eabi/lib/thumb/v7e-m+fp/hard/libc.a(lib_a-svfprintf.o) (_localeconv_r)
/usr/lib/gcc/arm-none-eabi/9.2.1/../../../arm-none-eabi/lib/thumb/v7e-m+fp/hard/libc.a(lib_a-mallocr.o)
                              /usr/lib/gcc/arm-none-eabi/9.2.1/../../../arm-none-eabi/lib/thumb/v7e-m+fp/hard/libc.a(lib_a-svfprintf.o) (_malloc_r)
/usr/lib/gcc/arm-none-eabi/9.2.1/../../../arm-none-eabi/lib/thumb/v7e-m+fp/hard/libc.a(lib_a-memchr.o)
                              /usr/lib/gcc/arm-none-eabi/9.2.1/../../../arm-none-eabi/lib/thumb/v7e-m+fp/hard/libc.a(lib_a-svfprintf.o) (memchr)
/usr/lib/gcc/arm-none-eabi/9.2.1/../../../arm-none-eabi/lib/thumb/v7e-m+fp/hard/libc.a(lib_a-memcpy.o)
                              /usr/lib/gcc/arm-none-eabi/9.2.1/../../../arm-none-eabi/lib/thumb/v7e-m+fp/hard/libc.a(lib_a-dtoa.o) (memcpy)
/usr/lib/gcc/arm-none-eabi/9.2.1/../../../arm-none-eabi/lib/thumb/v7e-m+fp/hard/libc.a(lib_a-mlock.o)
                              /usr/lib/gcc/arm-none-eabi/9.2.1/../../../arm-none-eabi/lib/thumb/v7e-m+fp/hard/libc.a(lib_a-mallocr.o) (__malloc_lock)
/usr/lib/gcc/arm-none-eabi/9.2.1/../../../arm-none-eabi/lib/thumb/v7e-m+fp/hard/libc.a(lib_a-mprec.o)
                              /usr/lib/gcc/arm-none-eabi/9.2.1/../../../arm-none-eabi/lib/thumb/v7e-m+fp/hard/libc.a(lib_a-dtoa.o) (_Balloc)
/usr/lib/gcc/arm-none-eabi/9.2.1/../../../arm-none-eabi/lib/thumb/v7e-m+fp/hard/libc.a(lib_a-sbrkr.o)
                              /usr/lib/gcc/arm-none-eabi/9.2.1/../../../arm-none-eabi/lib/thumb/v7e-m+fp/hard/libc.a(lib_a-mallocr.o) (_sbrk_r)
/usr/lib/gcc/arm-none-eabi/9.2.1/../../../arm-none-eabi/lib/thumb/v7e-m+fp/hard/libc.a(lib_a-strlen.o)
                              /usr/lib/gcc/arm-none-eabi/9.2.1/../../../arm-none-eabi/lib/thumb/v7e-m+fp/hard/libc.a(lib_a-svfprintf.o) (strlen)
[...]
Memory Configuration

Name             Origin             Length             Attributes
rom              0x0000000008000000 0x0000000000200000 xr
ccm              0x0000000010000000 0x0000000000010000 xrw
ram              0x0000000020000000 0x0000000000030000 xrw
*default*        0x0000000000000000 0xffffffffffffffff

Linker script and memory map

LOAD sdram.o
LOAD clock.o
LOAD console.o
LOAD lcd-spi.o
LOAD gfx.o
LOAD sismografo.o
LOAD /usr/lib/gcc/arm-none-eabi/9.2.1/../../../arm-none-eabi/lib/thumb/v7e-m+fp/hard/libm.a
LOAD ./libopencm3//lib/libopencm3_stm32f4.a
START GROUP
LOAD /usr/lib/gcc/arm-none-eabi/9.2.1/../../../arm-none-eabi/lib/thumb/v7e-m+fp/hard/libc.a
LOAD /usr/lib/gcc/arm-none-eabi/9.2.1/thumb/v7e-m+fp/hard/libgcc.a
LOAD /usr/lib/gcc/arm-none-eabi/9.2.1/../../../arm-none-eabi/lib/thumb/v7e-m+fp/hard/libnosys.a
END GROUP
START GROUP
LOAD /usr/lib/gcc/arm-none-eabi/9.2.1/thumb/v7e-m+fp/hard/libgcc.a
LOAD /usr/lib/gcc/arm-none-eabi/9.2.1/../../../arm-none-eabi/lib/thumb/v7e-m+fp/hard/libg.a
LOAD /usr/lib/gcc/arm-none-eabi/9.2.1/../../../arm-none-eabi/lib/thumb/v7e-m+fp/hard/libc.a
END GROUP

.text           0x0000000008000000     0x95f8
 *(.vectors)
 .vectors       0x0000000008000000      0x1ac ./libopencm3//lib/libopencm3_stm32f4.a(vector.o)
                0x0000000008000000                vector_table
 *(.text*)
 .text.sdram_init
                0x00000000080001ac       0xfc sdram.o
                0x00000000080001ac                sdram_init
 .text.sys_tick_handler
                0x00000000080002a8       0x10 clock.o
                0x00000000080002a8                sys_tick_handler
 .text.msleep   0x00000000080002b8       0x14 clock.o
                0x00000000080002b8                msleep
 .text.clock_setup
                0x00000000080002cc       0x28 clock.o
                0x00000000080002cc                clock_setup
 .text.usart1_isr
                0x00000000080002f4       0x58 console.o
                0x00000000080002f4                usart1_isr
 .text.console_putc
                0x000000000800034c       0x18 console.o
                0x000000000800034c                console_putc
 .text.console_puts
                0x0000000008000364       0x1e console.o
                0x0000000008000364                console_puts
 *fill*         0x0000000008000382        0x2 
 .text.console_setup
                0x0000000008000384       0x80 console.o
                0x0000000008000384                console_setup
 .text.lcd_command
                0x0000000008000404       0x64 lcd-spi.o
 .text.print_hex
                0x0000000008000468       0x4c lcd-spi.o
 .text.lcd_draw_pixel
                0x00000000080004b4       0x14 lcd-spi.o
                0x00000000080004b4                lcd_draw_pixel
 .text.lcd_show_frame
                0x00000000080004c8       0x50 lcd-spi.o
                0x00000000080004c8                lcd_show_frame
 .text.lcd_spi_init
                0x0000000008000518      0x1b0 lcd-spi.o
                0x0000000008000518                lcd_spi_init
 .text.gfx_drawPixel
                0x00000000080006c8       0x2c gfx.o
                0x00000000080006c8                gfx_drawPixel
 .text.gfx_init
                0x00000000080006f4       0x20 gfx.o
                0x00000000080006f4                gfx_init
 .text.gfx_drawLine
                0x0000000008000714       0xb4 gfx.o
                0x0000000008000714                gfx_drawLine
 .text.gfx_drawFastVLine
                0x00000000080007c8       0x16 gfx.o
                0x00000000080007c8                gfx_drawFastVLine
 .text.gfx_fillRect
                0x00000000080007de       0x2a gfx.o
                0x00000000080007de                gfx_fillRect
 .text.gfx_fillScreen
                0x0000000008000808       0x20 gfx.o
                0x0000000008000808                gfx_fillScreen
 .text.gfx_drawChar
                0x0000000008000828       0xdc gfx.o
                0x0000000008000828                gfx_drawChar
 .text.gfx_write
                0x0000000008000904       0x70 gfx.o
                0x0000000008000904                gfx_write
 .text.gfx_puts
                0x0000000008000974       0x12 gfx.o
                0x0000000008000974                gfx_puts
 *fill*         0x0000000008000986        0x2 
 .text.gfx_setCursor
                0x0000000008000988        0xc gfx.o
                0x0000000008000988                gfx_setCursor
 .text.gfx_setTextSize
                0x0000000008000994       0x10 gfx.o
                0x0000000008000994                gfx_setTextSize
 .text.gyr_setup
                0x00000000080009a4      0x100 sismografo.o
                0x00000000080009a4                gyr_setup
 .text.gyr_readX
                0x0000000008000aa4       0x90 sismografo.o
                0x0000000008000aa4                gyr_readX
 .text.gyr_readY
                0x0000000008000b34       0x90 sismografo.o
                0x0000000008000b34                gyr_readY
 .text.gyr_readZ
                0x0000000008000bc4       0x90 sismografo.o
                0x0000000008000bc4                gyr_readZ
 .text.startup.main
                0x0000000008000c54      0x10c sismografo.o
                0x0000000008000c54                main
 .text.sdram_timing
                0x0000000008000d60       0x4e ./libopencm3//lib/libopencm3_stm32f4.a(fmc_common_f47.o)
                0x0000000008000d60                sdram_timing
 *fill*         0x0000000008000dae        0x2 
 .text.sdram_command
                0x0000000008000db0       0x64 ./libopencm3//lib/libopencm3_stm32f4.a(fmc_common_f47.o)
                0x0000000008000db0                sdram_command
 .text.gpio_set
                0x0000000008000e14        0x4 ./libopencm3//lib/libopencm3_stm32f4.a(gpio_common_all.o)
                0x0000000008000e14                gpio_set
 .text.gpio_clear
                0x0000000008000e18        0x6 ./libopencm3//lib/libopencm3_stm32f4.a(gpio_common_all.o)
                0x0000000008000e18                gpio_clear
 .text.gpio_mode_setup
                0x0000000008000e1e       0x40 ./libopencm3//lib/libopencm3_stm32f4.a(gpio_common_f0234.o)
                0x0000000008000e1e                gpio_mode_setup
 .text.gpio_set_output_options
                0x0000000008000e5e       0x36 ./libopencm3//lib/libopencm3_stm32f4.a(gpio_common_f0234.o)
                0x0000000008000e5e                gpio_set_output_options
 .text.gpio_set_af
                0x0000000008000e94       0x54 ./libopencm3//lib/libopencm3_stm32f4.a(gpio_common_f0234.o)
                0x0000000008000e94                gpio_set_af
 .text.rcc_periph_clock_enable
                0x0000000008000ee8       0x1c ./libopencm3//lib/libopencm3_stm32f4.a(rcc_common_all.o)
                0x0000000008000ee8                rcc_periph_clock_enable
 .text.rcc_is_osc_ready
                0x0000000008000f04       0x5c ./libopencm3//lib/libopencm3_stm32f4.a(rcc.o)
                0x0000000008000f04                rcc_is_osc_ready
 .text.rcc_wait_for_osc_ready
                0x0000000008000f60       0x10 ./libopencm3//lib/libopencm3_stm32f4.a(rcc.o)
                0x0000000008000f60                rcc_wait_for_osc_ready
 .text.rcc_osc_on
                0x0000000008000f70       0x58 ./libopencm3//lib/libopencm3_stm32f4.a(rcc.o)
                0x0000000008000f70                rcc_osc_on
 .text.rcc_osc_off
                0x0000000008000fc8       0x58 ./libopencm3//lib/libopencm3_stm32f4.a(rcc.o)
                0x0000000008000fc8                rcc_osc_off
 .text.rcc_set_sysclk_source
                0x0000000008001020       0x14 ./libopencm3//lib/libopencm3_stm32f4.a(rcc.o)
                0x0000000008001020                rcc_set_sysclk_source
 .text.rcc_set_ppre2
                0x0000000008001034       0x14 ./libopencm3//lib/libopencm3_stm32f4.a(rcc.o)
                0x0000000008001034                rcc_set_ppre2
 .text.rcc_set_ppre1
                0x0000000008001048       0x14 ./libopencm3//lib/libopencm3_stm32f4.a(rcc.o)
                0x0000000008001048                rcc_set_ppre1
 .text.rcc_set_hpre
                0x000000000800105c       0x14 ./libopencm3//lib/libopencm3_stm32f4.a(rcc.o)
                0x000000000800105c                rcc_set_hpre
 .text.rcc_set_main_pll_hsi
                0x0000000008001070       0x44 ./libopencm3//lib/libopencm3_stm32f4.a(rcc.o)
                0x0000000008001070                rcc_set_main_pll_hsi
 .text.rcc_set_main_pll_hse
                0x00000000080010b4       0x44 ./libopencm3//lib/libopencm3_stm32f4.a(rcc.o)
                0x00000000080010b4                rcc_set_main_pll_hse
 .text.rcc_clock_setup_pll
                0x00000000080010f8       0xf4 ./libopencm3//lib/libopencm3_stm32f4.a(rcc.o)
                0x00000000080010f8                rcc_clock_setup_pll
 .text.rcc_get_usart_clk_freq
                0x00000000080011ec       0x20 ./libopencm3//lib/libopencm3_stm32f4.a(rcc.o)
                0x00000000080011ec                rcc_get_usart_clk_freq
 .text.spi_enable
                0x000000000800120c        0xa ./libopencm3//lib/libopencm3_stm32f4.a(spi_common_all.o)
                0x000000000800120c                spi_enable
 .text.spi_send
                0x0000000008001216        0xa ./libopencm3//lib/libopencm3_stm32f4.a(spi_common_all.o)
                0x0000000008001216                spi_send
 .text.spi_read
                0x0000000008001220        0xc ./libopencm3//lib/libopencm3_stm32f4.a(spi_common_all.o)
                0x0000000008001220                spi_read
 .text.spi_xfer
                0x000000000800122c        0xe ./libopencm3//lib/libopencm3_stm32f4.a(spi_common_all.o)
                0x000000000800122c                spi_xfer
 .text.spi_set_unidirectional_mode
                0x000000000800123a        0xa ./libopencm3//lib/libopencm3_stm32f4.a(spi_common_all.o)
                0x000000000800123a                spi_set_unidirectional_mode
 .text.spi_set_full_duplex_mode
                0x0000000008001244        0xa ./libopencm3//lib/libopencm3_stm32f4.a(spi_common_all.o)
                0x0000000008001244                spi_set_full_duplex_mode
 .text.spi_enable_software_slave_management
                0x000000000800124e       0x12 ./libopencm3//lib/libopencm3_stm32f4.a(spi_common_all.o)
                0x000000000800124e                spi_enable_software_slave_management
 .text.spi_set_nss_high
                0x0000000008001260        0xa ./libopencm3//lib/libopencm3_stm32f4.a(spi_common_all.o)
                0x0000000008001260                spi_set_nss_high
 .text.spi_send_msb_first
                0x000000000800126a        0xa ./libopencm3//lib/libopencm3_stm32f4.a(spi_common_all.o)
                0x000000000800126a                spi_send_msb_first
 .text.spi_set_baudrate_prescaler
                0x0000000008001274       0x16 ./libopencm3//lib/libopencm3_stm32f4.a(spi_common_all.o)
                0x0000000008001274                spi_set_baudrate_prescaler
 .text.spi_set_master_mode
                0x000000000800128a        0xa ./libopencm3//lib/libopencm3_stm32f4.a(spi_common_all.o)
                0x000000000800128a                spi_set_master_mode
 .text.spi_set_clock_polarity_0
                0x0000000008001294        0xa ./libopencm3//lib/libopencm3_stm32f4.a(spi_common_all.o)
                0x0000000008001294                spi_set_clock_polarity_0
 .text.spi_set_clock_phase_0
                0x000000000800129e        0xa ./libopencm3//lib/libopencm3_stm32f4.a(spi_common_all.o)
                0x000000000800129e                spi_set_clock_phase_0
 .text.spi_enable_ss_output
                0x00000000080012a8        0xa ./libopencm3//lib/libopencm3_stm32f4.a(spi_common_all.o)
                0x00000000080012a8                spi_enable_ss_output
 .text.spi_init_master
                0x00000000080012b2       0x28 ./libopencm3//lib/libopencm3_stm32f4.a(spi_common_v1.o)
                0x00000000080012b2                spi_init_master
 .text.usart_set_baudrate
                0x00000000080012da       0x16 ./libopencm3//lib/libopencm3_stm32f4.a(usart_common_all.o)
                0x00000000080012da                usart_set_baudrate
 .text.usart_set_databits
                0x00000000080012f0       0x12 ./libopencm3//lib/libopencm3_stm32f4.a(usart_common_all.o)
                0x00000000080012f0                usart_set_databits
 .text.usart_set_stopbits
                0x0000000008001302        0xc ./libopencm3//lib/libopencm3_stm32f4.a(usart_common_all.o)
                0x0000000008001302                usart_set_stopbits
 .text.usart_set_parity
                0x000000000800130e        0xc ./libopencm3//lib/libopencm3_stm32f4.a(usart_common_all.o)
                0x000000000800130e                usart_set_parity
 .text.usart_set_mode
                0x000000000800131a        0xc ./libopencm3//lib/libopencm3_stm32f4.a(usart_common_all.o)
                0x000000000800131a                usart_set_mode
 .text.usart_set_flow_control
                0x0000000008001326        0xc ./libopencm3//lib/libopencm3_stm32f4.a(usart_common_all.o)
                0x0000000008001326                usart_set_flow_control
 .text.usart_enable
                0x0000000008001332        0xa ./libopencm3//lib/libopencm3_stm32f4.a(usart_common_all.o)
                0x0000000008001332                usart_enable
 .text.usart_enable_rx_interrupt
                0x000000000800133c        0xa ./libopencm3//lib/libopencm3_stm32f4.a(usart_common_all.o)
                0x000000000800133c                usart_enable_rx_interrupt
 .text.blocking_handler
                0x0000000008001346        0x2 ./libopencm3//lib/libopencm3_stm32f4.a(vector.o)
                0x0000000008001346                dma2_stream1_isr
                0x0000000008001346                tim8_brk_tim12_isr
                0x0000000008001346                dma1_stream7_isr
                0x0000000008001346                usart3_isr
                0x0000000008001346                tim7_isr
                0x0000000008001346                dma2d_isr
                0x0000000008001346                uart8_isr
                0x0000000008001346                dma1_stream2_isr
                0x0000000008001346                otg_hs_isr
                0x0000000008001346                blocking_handler
                0x0000000008001346                tim5_isr
                0x0000000008001346                rtc_wkup_isr
                0x0000000008001346                otg_fs_isr
                0x0000000008001346                spi1_isr
                0x0000000008001346                i2c3_er_isr
                0x0000000008001346                exti2_isr
                0x0000000008001346                spi5_isr
                0x0000000008001346                usb_fs_wkup_isr
                0x0000000008001346                tamp_stamp_isr
                0x0000000008001346                can1_rx1_isr
                0x0000000008001346                dma2_stream0_isr
                0x0000000008001346                i2c3_ev_isr
                0x0000000008001346                usage_fault_handler
                0x0000000008001346                can2_rx0_isr
                0x0000000008001346                dma1_stream6_isr
                0x0000000008001346                can2_rx1_isr
                0x0000000008001346                can1_sce_isr
                0x0000000008001346                tim1_cc_isr
                0x0000000008001346                can1_tx_isr
                0x0000000008001346                tim1_up_tim10_isr
                0x0000000008001346                sdio_isr
                0x0000000008001346                eth_isr
                0x0000000008001346                spi6_isr
                0x0000000008001346                dma2_stream5_isr
                0x0000000008001346                pvd_isr
                0x0000000008001346                can1_rx0_isr
                0x0000000008001346                rcc_isr
                0x0000000008001346                dma2_stream3_isr
                0x0000000008001346                flash_isr
                0x0000000008001346                uart4_isr
                0x0000000008001346                lcd_tft_isr
                0x0000000008001346                rtc_alarm_isr
                0x0000000008001346                exti15_10_isr
                0x0000000008001346                hash_rng_isr
                0x0000000008001346                tim1_trg_com_tim11_isr
                0x0000000008001346                hard_fault_handler
                0x0000000008001346                exti1_isr
                0x0000000008001346                i2c1_ev_isr
                0x0000000008001346                usart6_isr
                0x0000000008001346                spi2_isr
                0x0000000008001346                cryp_isr
                0x0000000008001346                nvic_wwdg_isr
                0x0000000008001346                dma1_stream1_isr
                0x0000000008001346                dma2_stream4_isr
                0x0000000008001346                exti3_isr
                0x0000000008001346                tim3_isr
                0x0000000008001346                usart2_isr
                0x0000000008001346                sai1_isr
                0x0000000008001346                fpu_isr
                0x0000000008001346                dma1_stream4_isr
                0x0000000008001346                i2c2_er_isr
                0x0000000008001346                i2c2_ev_isr
                0x0000000008001346                uart5_isr
                0x0000000008001346                dma2_stream6_isr
                0x0000000008001346                spi4_isr
                0x0000000008001346                adc_isr
                0x0000000008001346                dma2_stream7_isr
                0x0000000008001346                tim8_up_tim13_isr
                0x0000000008001346                fsmc_isr
                0x0000000008001346                exti4_isr
                0x0000000008001346                tim6_dac_isr
                0x0000000008001346                dma1_stream3_isr
                0x0000000008001346                tim8_trg_com_tim14_isr
                0x0000000008001346                mem_manage_handler
                0x0000000008001346                lcd_tft_err_isr
                0x0000000008001346                can2_tx_isr
                0x0000000008001346                exti9_5_isr
                0x0000000008001346                tim1_brk_tim9_isr
                0x0000000008001346                uart7_isr
                0x0000000008001346                can2_sce_isr
                0x0000000008001346                tim4_isr
                0x0000000008001346                otg_hs_wkup_isr
                0x0000000008001346                i2c1_er_isr
                0x0000000008001346                dma1_stream0_isr
                0x0000000008001346                tim8_cc_isr
                0x0000000008001346                dcmi_isr
                0x0000000008001346                dma2_stream2_isr
                0x0000000008001346                eth_wkup_isr
                0x0000000008001346                bus_fault_handler
                0x0000000008001346                otg_hs_ep1_out_isr
                0x0000000008001346                spi3_isr
                0x0000000008001346                dma1_stream5_isr
                0x0000000008001346                otg_hs_ep1_in_isr
                0x0000000008001346                tim2_isr
                0x0000000008001346                exti0_isr
 .text.null_handler
                0x0000000008001348        0x2 ./libopencm3//lib/libopencm3_stm32f4.a(vector.o)
                0x0000000008001348                null_handler
                0x0000000008001348                sv_call_handler
                0x0000000008001348                pend_sv_handler
                0x0000000008001348                debug_monitor_handler
                0x0000000008001348                nmi_handler
 *fill*         0x000000000800134a        0x2 
 .text.reset_handler
                0x000000000800134c       0x98 ./libopencm3//lib/libopencm3_stm32f4.a(vector.o)
                0x000000000800134c                reset_handler
 .text.systick_set_reload
                0x00000000080013e4       0x10 ./libopencm3//lib/libopencm3_stm32f4.a(systick.o)
                0x00000000080013e4                systick_set_reload
 .text.systick_set_clocksource
                0x00000000080013f4       0x18 ./libopencm3//lib/libopencm3_stm32f4.a(systick.o)
                0x00000000080013f4                systick_set_clocksource
 .text.systick_interrupt_enable
                0x000000000800140c       0x10 ./libopencm3//lib/libopencm3_stm32f4.a(systick.o)
                0x000000000800140c                systick_interrupt_enable
 .text.systick_counter_enable
                0x000000000800141c       0x10 ./libopencm3//lib/libopencm3_stm32f4.a(systick.o)
                0x000000000800141c                systick_counter_enable
 .text.scb_reset_system
                0x000000000800142c       0x10 ./libopencm3//lib/libopencm3_stm32f4.a(scb.o)
                0x000000000800142c                scb_reset_system
 .text.nvic_enable_irq
                0x000000000800143c       0x1c ./libopencm3//lib/libopencm3_stm32f4.a(nvic.o)
                0x000000000800143c                nvic_enable_irq
 .text.flash_set_ws
                0x0000000008001458       0x14 ./libopencm3//lib/libopencm3_stm32f4.a(flash_common_all.o)
                0x0000000008001458                flash_set_ws
 .text.flash_dcache_enable
                0x000000000800146c       0x10 ./libopencm3//lib/libopencm3_stm32f4.a(flash_common_idcache.o)
                0x000000000800146c                flash_dcache_enable
 .text.flash_dcache_disable
                0x000000000800147c       0x10 ./libopencm3//lib/libopencm3_stm32f4.a(flash_common_idcache.o)
                0x000000000800147c                flash_dcache_disable
 .text.flash_icache_enable
                0x000000000800148c       0x10 ./libopencm3//lib/libopencm3_stm32f4.a(flash_common_idcache.o)
                0x000000000800148c                flash_icache_enable
 .text.flash_icache_disable
                0x000000000800149c       0x10 ./libopencm3//lib/libopencm3_stm32f4.a(flash_common_idcache.o)
                0x000000000800149c                flash_icache_disable
 .text.pwr_set_vos_scale
                0x00000000080014ac       0x18 ./libopencm3//lib/libopencm3_stm32f4.a(pwr.o)
                0x00000000080014ac                pwr_set_vos_scale
 .text          0x00000000080014c4       0x80 /usr/lib/gcc/arm-none-eabi/9.2.1/../../../arm-none-eabi/lib/thumb/v7e-m+fp/hard/libc.a(lib_a-sprintf.o)
                0x00000000080014c4                _sprintf_r
                0x0000000008001500                sprintf
 *fill*         0x0000000008001544        0x4 
 .text          0x0000000008001548     0x1498 /usr/lib/gcc/arm-none-eabi/9.2.1/../../../arm-none-eabi/lib/thumb/v7e-m+fp/hard/libc.a(lib_a-svfprintf.o)
                0x0000000008001548                _svfprintf_r
 .text          0x00000000080029e0      0xfc0 /usr/lib/gcc/arm-none-eabi/9.2.1/../../../arm-none-eabi/lib/thumb/v7e-m+fp/hard/libc.a(lib_a-dtoa.o)
                0x0000000008002b04                _dtoa_r
 .text          0x00000000080039a0       0x14 /usr/lib/gcc/arm-none-eabi/9.2.1/../../../arm-none-eabi/lib/thumb/v7e-m+fp/hard/libc.a(lib_a-localeconv.o)
                0x00000000080039a0                __localeconv_l
                0x00000000080039a4                _localeconv_r
                0x00000000080039ac                localeconv
 .text          0x00000000080039b4      0x564 /usr/lib/gcc/arm-none-eabi/9.2.1/../../../arm-none-eabi/lib/thumb/v7e-m+fp/hard/libc.a(lib_a-mallocr.o)
                0x00000000080039b4                _malloc_r
 *fill*         0x0000000008003f18        0x8 
 .text          0x0000000008003f20       0xa0 /usr/lib/gcc/arm-none-eabi/9.2.1/../../../arm-none-eabi/lib/thumb/v7e-m+fp/hard/libc.a(lib_a-memchr.o)
                0x0000000008003f20                memchr
 .text          0x0000000008003fc0      0x134 /usr/lib/gcc/arm-none-eabi/9.2.1/../../../arm-none-eabi/lib/thumb/v7e-m+fp/hard/libc.a(lib_a-memcpy.o)
                0x0000000008003fc0                memcpy
 .text          0x00000000080040f4        0x8 /usr/lib/gcc/arm-none-eabi/9.2.1/../../../arm-none-eabi/lib/thumb/v7e-m+fp/hard/libc.a(lib_a-mlock.o)
                0x00000000080040f4                __malloc_lock
                0x00000000080040f8                __malloc_unlock
 .text          0x00000000080040fc      0x9a8 /usr/lib/gcc/arm-none-eabi/9.2.1/../../../arm-none-eabi/lib/thumb/v7e-m+fp/hard/libc.a(lib_a-mprec.o)
                0x00000000080040fc                _Balloc
                0x0000000008004148                _Bfree
                0x000000000800415c                __multadd
                0x0000000008004200                __s2b
                0x00000000080042ac                __hi0bits
                0x00000000080042ec                __lo0bits
                0x000000000800434c                __i2b
                0x0000000008004378                __multiply
                0x00000000080044c4                __pow5mult
                0x000000000800455c                __lshift
                0x0000000008004628                __mcmp
                0x0000000008004660                __mdiff
                0x0000000008004788                __ulp
                0x00000000080047d8                __b2d
                0x0000000008004890                __d2b
                0x0000000008004964                __ratio
                0x00000000080049c4                _mprec_log10
                0x0000000008004a04                __copybits
                0x0000000008004a4c                __any_on
 .text          0x0000000008004aa4       0x24 /usr/lib/gcc/arm-none-eabi/9.2.1/../../../arm-none-eabi/lib/thumb/v7e-m+fp/hard/libc.a(lib_a-sbrkr.o)
                0x0000000008004aa4                _sbrk_r
 *fill*         0x0000000008004ac8       0x38 
 .text          0x0000000008004b00       0xdc /usr/lib/gcc/arm-none-eabi/9.2.1/../../../arm-none-eabi/lib/thumb/v7e-m+fp/hard/libc.a(lib_a-strlen.o)
                0x0000000008004b00                strlen
 .text          0x0000000008004bdc      0xb64 /usr/lib/gcc/arm-none-eabi/9.2.1/../../../arm-none-eabi/lib/thumb/v7e-m+fp/hard/libc.a(lib_a-svfiprintf.o)
                0x0000000008004bdc                __ssprint_r
                0x0000000008004cd4                _svfiprintf_r
 .text          0x0000000008005740       0x48 /usr/lib/gcc/arm-none-eabi/9.2.1/../../../arm-none-eabi/lib/thumb/v7e-m+fp/hard/libc.a(lib_a-assert.o)
                0x0000000008005740                __assert_func
                0x000000000800577c                __assert
 .text          0x0000000008005788       0x60 /usr/lib/gcc/arm-none-eabi/9.2.1/../../../arm-none-eabi/lib/thumb/v7e-m+fp/hard/libc.a(lib_a-callocr.o)
                0x0000000008005788                _calloc_r
 .text          0x00000000080057e8       0x44 /usr/lib/gcc/arm-none-eabi/9.2.1/../../../arm-none-eabi/lib/thumb/v7e-m+fp/hard/libc.a(lib_a-fiprintf.o)
                0x00000000080057e8                _fiprintf_r
                0x0000000008005804                fiprintf
 .text          0x000000000800582c      0x294 /usr/lib/gcc/arm-none-eabi/9.2.1/../../../arm-none-eabi/lib/thumb/v7e-m+fp/hard/libc.a(lib_a-freer.o)
                0x000000000800582c                _malloc_trim_r
                0x00000000080058cc                _free_r
 .text          0x0000000008005ac0       0x5c /usr/lib/gcc/arm-none-eabi/9.2.1/../../../arm-none-eabi/lib/thumb/v7e-m+fp/hard/libc.a(lib_a-locale.o)
                0x0000000008005ac0                _setlocale_r
                0x0000000008005b00                __locale_mb_cur_max
                0x0000000008005b0c                setlocale
 .text          0x0000000008005b1c       0x40 /usr/lib/gcc/arm-none-eabi/9.2.1/../../../arm-none-eabi/lib/thumb/v7e-m+fp/hard/libc.a(lib_a-mbtowc_r.o)
                0x0000000008005b1c                _mbtowc_r
                0x0000000008005b30                __ascii_mbtowc
 .text          0x0000000008005b5c       0xd0 /usr/lib/gcc/arm-none-eabi/9.2.1/../../../arm-none-eabi/lib/thumb/v7e-m+fp/hard/libc.a(lib_a-memmove.o)
                0x0000000008005b5c                memmove
 .text          0x0000000008005c2c       0xa0 /usr/lib/gcc/arm-none-eabi/9.2.1/../../../arm-none-eabi/lib/thumb/v7e-m+fp/hard/libc.a(lib_a-memset.o)
                0x0000000008005c2c                memset
 .text          0x0000000008005ccc      0x36c /usr/lib/gcc/arm-none-eabi/9.2.1/../../../arm-none-eabi/lib/thumb/v7e-m+fp/hard/libc.a(lib_a-reallocr.o)
                0x0000000008005ccc                _realloc_r
 *fill*         0x0000000008006038        0x8 
 .text          0x0000000008006040      0x2dc /usr/lib/gcc/arm-none-eabi/9.2.1/../../../arm-none-eabi/lib/thumb/v7e-m+fp/hard/libc.a(lib_a-strcmp.o)
                0x0000000008006048                strcmp
 .text          0x000000000800631c      0xd00 /usr/lib/gcc/arm-none-eabi/9.2.1/../../../arm-none-eabi/lib/thumb/v7e-m+fp/hard/libc.a(lib_a-vfiprintf.o)
                0x0000000008006394                __sprint_r
                0x00000000080063a8                _vfiprintf_r
                0x0000000008006f98                vfiprintf
 .text          0x000000000800701c       0x30 /usr/lib/gcc/arm-none-eabi/9.2.1/../../../arm-none-eabi/lib/thumb/v7e-m+fp/hard/libc.a(lib_a-wctomb_r.o)
                0x000000000800701c                _wctomb_r
                0x0000000008007030                __ascii_wctomb
 .text          0x000000000800704c       0xd0 /usr/lib/gcc/arm-none-eabi/9.2.1/../../../arm-none-eabi/lib/thumb/v7e-m+fp/hard/libc.a(lib_a-wsetup.o)
                0x000000000800704c                __swsetup_r
 .text          0x000000000800711c       0x10 /usr/lib/gcc/arm-none-eabi/9.2.1/../../../arm-none-eabi/lib/thumb/v7e-m+fp/hard/libc.a(lib_a-abort.o)
                0x000000000800711c                abort
 .text          0x000000000800712c      0x1a4 /usr/lib/gcc/arm-none-eabi/9.2.1/../../../arm-none-eabi/lib/thumb/v7e-m+fp/hard/libc.a(lib_a-fflush.o)
                0x000000000800712c                __sflush_r
                0x0000000008007278                _fflush_r
                0x00000000080072ac                fflush
 .text          0x00000000080072d0      0x1f4 /usr/lib/gcc/arm-none-eabi/9.2.1/../../../arm-none-eabi/lib/thumb/v7e-m+fp/hard/libc.a(lib_a-findfp.o)
                0x00000000080072d4                _cleanup_r
                0x00000000080073b8                __sfmoreglue
                0x00000000080073e8                __sfp
                0x0000000008007470                _cleanup
                0x0000000008007484                __sinit
                0x000000000800748c                __sfp_lock_acquire
                0x0000000008007490                __sfp_lock_release
                0x0000000008007494                __sinit_lock_acquire
                0x0000000008007498                __sinit_lock_release
                0x000000000800749c                __fp_lock_all
                0x00000000080074b0                __fp_unlock_all
 .text          0x00000000080074c4      0x110 /usr/lib/gcc/arm-none-eabi/9.2.1/../../../arm-none-eabi/lib/thumb/v7e-m+fp/hard/libc.a(lib_a-fputwc.o)
                0x00000000080074c4                __fputwc
                0x000000000800756c                _fputwc_r
                0x0000000008007594                fputwc
 .text          0x00000000080075d4      0x308 /usr/lib/gcc/arm-none-eabi/9.2.1/../../../arm-none-eabi/lib/thumb/v7e-m+fp/hard/libc.a(lib_a-fvwrite.o)
                0x00000000080075d4                __sfvwrite_r
 .text          0x00000000080078dc       0xa0 /usr/lib/gcc/arm-none-eabi/9.2.1/../../../arm-none-eabi/lib/thumb/v7e-m+fp/hard/libc.a(lib_a-fwalk.o)
                0x00000000080078dc                _fwalk
                0x0000000008007928                _fwalk_reent
 .text          0x000000000800797c       0xf0 /usr/lib/gcc/arm-none-eabi/9.2.1/../../../arm-none-eabi/lib/thumb/v7e-m+fp/hard/libc.a(lib_a-makebuf.o)
                0x000000000800797c                __swhatbuf_r
                0x00000000080079d8                __smakebuf_r
 .text          0x0000000008007a6c      0x15c /usr/lib/gcc/arm-none-eabi/9.2.1/../../../arm-none-eabi/lib/thumb/v7e-m+fp/hard/libc.a(lib_a-signal.o)
                0x0000000008007a94                _init_signal_r
                0x0000000008007aa0                _signal_r
                0x0000000008007ad8                _raise_r
                0x0000000008007b30                __sigtramp_r
                0x0000000008007b84                raise
                0x0000000008007b94                signal
                0x0000000008007ba4                _init_signal
                0x0000000008007bb8                __sigtramp
 .text          0x0000000008007bc8       0x2c /usr/lib/gcc/arm-none-eabi/9.2.1/../../../arm-none-eabi/lib/thumb/v7e-m+fp/hard/libc.a(lib_a-signalr.o)
                0x0000000008007bc8                _kill_r
                0x0000000008007bf0                _getpid_r
 .text          0x0000000008007bf4       0x90 /usr/lib/gcc/arm-none-eabi/9.2.1/../../../arm-none-eabi/lib/thumb/v7e-m+fp/hard/libc.a(lib_a-stdio.o)
                0x0000000008007bf4                __sread
                0x0000000008007c18                __seofread
                0x0000000008007c1c                __swrite
                0x0000000008007c5c                __sseek
                0x0000000008007c7c                __sclose
 .text          0x0000000008007c84       0xc0 /usr/lib/gcc/arm-none-eabi/9.2.1/../../../arm-none-eabi/lib/thumb/v7e-m+fp/hard/libc.a(lib_a-wbuf.o)
                0x0000000008007c84                __swbuf_r
                0x0000000008007d34                __swbuf
 .text          0x0000000008007d44       0x7c /usr/lib/gcc/arm-none-eabi/9.2.1/../../../arm-none-eabi/lib/thumb/v7e-m+fp/hard/libc.a(lib_a-wcrtomb.o)
                0x0000000008007d44                _wcrtomb_r
                0x0000000008007d78                wcrtomb
 .text          0x0000000008007dc0       0x2c /usr/lib/gcc/arm-none-eabi/9.2.1/../../../arm-none-eabi/lib/thumb/v7e-m+fp/hard/libc.a(lib_a-writer.o)
                0x0000000008007dc0                _write_r
 .text          0x0000000008007dec       0x24 /usr/lib/gcc/arm-none-eabi/9.2.1/../../../arm-none-eabi/lib/thumb/v7e-m+fp/hard/libc.a(lib_a-closer.o)
                0x0000000008007dec                _close_r
 .text          0x0000000008007e10       0x98 /usr/lib/gcc/arm-none-eabi/9.2.1/../../../arm-none-eabi/lib/thumb/v7e-m+fp/hard/libc.a(lib_a-fclose.o)
                0x0000000008007e10                _fclose_r
                0x0000000008007e98                fclose
 .text          0x0000000008007ea8       0x28 /usr/lib/gcc/arm-none-eabi/9.2.1/../../../arm-none-eabi/lib/thumb/v7e-m+fp/hard/libc.a(lib_a-fstatr.o)
                0x0000000008007ea8                _fstat_r
 .text          0x0000000008007ed0       0x24 /usr/lib/gcc/arm-none-eabi/9.2.1/../../../arm-none-eabi/lib/thumb/v7e-m+fp/hard/libc.a(lib_a-isattyr.o)
                0x0000000008007ed0                _isatty_r
 .text          0x0000000008007ef4       0x2c /usr/lib/gcc/arm-none-eabi/9.2.1/../../../arm-none-eabi/lib/thumb/v7e-m+fp/hard/libc.a(lib_a-lseekr.o)
                0x0000000008007ef4                _lseek_r
 .text          0x0000000008007f20       0x2c /usr/lib/gcc/arm-none-eabi/9.2.1/../../../arm-none-eabi/lib/thumb/v7e-m+fp/hard/libc.a(lib_a-readr.o)
                0x0000000008007f20                _read_r
 .text          0x0000000008007f4c      0x378 /usr/lib/gcc/arm-none-eabi/9.2.1/thumb/v7e-m+fp/hard/libgcc.a(_arm_addsubdf3.o)
                0x0000000008007f4c                __aeabi_drsub
                0x0000000008007f54                __aeabi_dsub
                0x0000000008007f54                __subdf3
                0x0000000008007f58                __adddf3
                0x0000000008007f58                __aeabi_dadd
                0x00000000080081d0                __aeabi_ui2d
                0x00000000080081d0                __floatunsidf
                0x00000000080081f0                __floatsidf
                0x00000000080081f0                __aeabi_i2d
                0x0000000008008214                __extendsfdf2
                0x0000000008008214                __aeabi_f2d
                0x0000000008008258                __aeabi_ul2d
                0x0000000008008258                __floatundidf
                0x0000000008008268                __floatdidf
                0x0000000008008268                __aeabi_l2d
 .text          0x00000000080082c4      0x424 /usr/lib/gcc/arm-none-eabi/9.2.1/thumb/v7e-m+fp/hard/libgcc.a(_arm_muldivdf3.o)
                0x00000000080082c4                __aeabi_dmul
                0x00000000080082c4                __muldf3
                0x0000000008008518                __aeabi_ddiv
                0x0000000008008518                __divdf3
 .text          0x00000000080086e8      0x110 /usr/lib/gcc/arm-none-eabi/9.2.1/thumb/v7e-m+fp/hard/libgcc.a(_arm_cmpdf2.o)
                0x00000000080086e8                __gtdf2
                0x00000000080086e8                __gedf2
                0x00000000080086f0                __ltdf2
                0x00000000080086f0                __ledf2
                0x00000000080086f8                __cmpdf2
                0x00000000080086f8                __eqdf2
                0x00000000080086f8                __nedf2
                0x0000000008008774                __aeabi_cdrcmple
                0x0000000008008784                __aeabi_cdcmple
                0x0000000008008784                __aeabi_cdcmpeq
                0x0000000008008794                __aeabi_dcmpeq
                0x00000000080087a8                __aeabi_dcmplt
                0x00000000080087bc                __aeabi_dcmple
                0x00000000080087d0                __aeabi_dcmpge
                0x00000000080087e4                __aeabi_dcmpgt
 .text          0x00000000080087f8       0x2c /usr/lib/gcc/arm-none-eabi/9.2.1/thumb/v7e-m+fp/hard/libgcc.a(_arm_unorddf2.o)
                0x00000000080087f8                __aeabi_dcmpun
                0x00000000080087f8                __unorddf2
 .text          0x0000000008008824       0x50 /usr/lib/gcc/arm-none-eabi/9.2.1/thumb/v7e-m+fp/hard/libgcc.a(_arm_fixdfsi.o)
                0x0000000008008824                __fixdfsi
                0x0000000008008824                __aeabi_d2iz
 .text          0x0000000008008874       0x30 /usr/lib/gcc/arm-none-eabi/9.2.1/thumb/v7e-m+fp/hard/libgcc.a(_aeabi_uldivmod.o)
                0x0000000008008874                __aeabi_uldivmod
 .text          0x00000000080088a4      0x2c4 /usr/lib/gcc/arm-none-eabi/9.2.1/thumb/v7e-m+fp/hard/libgcc.a(_udivmoddi4.o)
                0x00000000080088a4                __udivmoddi4
 .text          0x0000000008008b68        0x4 /usr/lib/gcc/arm-none-eabi/9.2.1/thumb/v7e-m+fp/hard/libgcc.a(_dvmd_tls.o)
                0x0000000008008b68                __aeabi_ldiv0
                0x0000000008008b68                __aeabi_idiv0
 .text          0x0000000008008b6c       0x10 /usr/lib/gcc/arm-none-eabi/9.2.1/../../../arm-none-eabi/lib/thumb/v7e-m+fp/hard/libnosys.a(close.o)
                0x0000000008008b6c                _close
 .text          0x0000000008008b7c       0x10 /usr/lib/gcc/arm-none-eabi/9.2.1/../../../arm-none-eabi/lib/thumb/v7e-m+fp/hard/libnosys.a(fstat.o)
                0x0000000008008b7c                _fstat
 .text          0x0000000008008b8c       0x10 /usr/lib/gcc/arm-none-eabi/9.2.1/../../../arm-none-eabi/lib/thumb/v7e-m+fp/hard/libnosys.a(getpid.o)
                0x0000000008008b8c                _getpid
 .text          0x0000000008008b9c       0x10 /usr/lib/gcc/arm-none-eabi/9.2.1/../../../arm-none-eabi/lib/thumb/v7e-m+fp/hard/libnosys.a(isatty.o)
                0x0000000008008b9c                _isatty
 .text          0x0000000008008bac       0x10 /usr/lib/gcc/arm-none-eabi/9.2.1/../../../arm-none-eabi/lib/thumb/v7e-m+fp/hard/libnosys.a(kill.o)
                0x0000000008008bac                _kill
 .text          0x0000000008008bbc       0x10 /usr/lib/gcc/arm-none-eabi/9.2.1/../../../arm-none-eabi/lib/thumb/v7e-m+fp/hard/libnosys.a(lseek.o)
                0x0000000008008bbc                _lseek
 .text          0x0000000008008bcc       0x10 /usr/lib/gcc/arm-none-eabi/9.2.1/../../../arm-none-eabi/lib/thumb/v7e-m+fp/hard/libnosys.a(read.o)
                0x0000000008008bcc                _read
 .text          0x0000000008008bdc       0x1c /usr/lib/gcc/arm-none-eabi/9.2.1/../../../arm-none-eabi/lib/thumb/v7e-m+fp/hard/libnosys.a(sbrk.o)
                0x0000000008008bdc                _sbrk
 .text          0x0000000008008bf8       0x10 /usr/lib/gcc/arm-none-eabi/9.2.1/../../../arm-none-eabi/lib/thumb/v7e-m+fp/hard/libnosys.a(write.o)
                0x0000000008008bf8                _write
 .text          0x0000000008008c08        0x4 /usr/lib/gcc/arm-none-eabi/9.2.1/../../../arm-none-eabi/lib/thumb/v7e-m+fp/hard/libnosys.a(_exit.o)
                0x0000000008008c08                _exit
                0x0000000008008c0c                . = ALIGN (0x4)
 *(.rodata*)
 .rodata.sdram_pins
                0x0000000008008c0c       0x30 sdram.o
 .rodata.print_hex.str1.1
                0x0000000008008c3c        0x3 lcd-spi.o
 .rodata.lcd_spi_init.str1.1
                0x0000000008008c3f       0x62 lcd-spi.o
 .rodata.cmd_args
                0x0000000008008ca1       0x3a lcd-spi.o
 *fill*         0x0000000008008cdb        0x1 
 .rodata.initialization
                0x0000000008008cdc       0x50 lcd-spi.o
                0x0000000008008cdc                initialization
 .rodata.mcm_font
                0x0000000008008d2c      0x480 gfx.o
 .rodata.main.str1.1
                0x00000000080091ac       0x23 sismografo.o
 .rodata.CSWTCH.2
                0x00000000080091cf        0x3 ./libopencm3//lib/libopencm3_stm32f4.a(fmc_common_f47.o)
 *fill*         0x00000000080091d2        0x2 
 .rodata.rcc_hse_8mhz_3v3
                0x00000000080091d4       0x70 ./libopencm3//lib/libopencm3_stm32f4.a(rcc.o)
                0x00000000080091d4                rcc_hse_8mhz_3v3
 .rodata        0x0000000008009244       0x20 /usr/lib/gcc/arm-none-eabi/9.2.1/../../../arm-none-eabi/lib/thumb/v7e-m+fp/hard/libc.a(lib_a-svfprintf.o)
 .rodata.str1.4
                0x0000000008009264       0x42 /usr/lib/gcc/arm-none-eabi/9.2.1/../../../arm-none-eabi/lib/thumb/v7e-m+fp/hard/libc.a(lib_a-svfprintf.o)
 *fill*         0x00000000080092a6        0x2 
 .rodata.str1.4
                0x00000000080092a8       0x56 /usr/lib/gcc/arm-none-eabi/9.2.1/../../../arm-none-eabi/lib/thumb/v7e-m+fp/hard/libc.a(lib_a-dtoa.o)
                                         0x5a (size before relaxing)
 *fill*         0x00000000080092fe        0x2 
 .rodata        0x0000000008009300        0x4 /usr/lib/gcc/arm-none-eabi/9.2.1/../../../arm-none-eabi/lib/thumb/v7e-m+fp/hard/libc.a(lib_a-impure.o)
                0x0000000008009300                _global_impure_ptr
 *fill*         0x0000000008009304        0x4 
 .rodata        0x0000000008009308      0x128 /usr/lib/gcc/arm-none-eabi/9.2.1/../../../arm-none-eabi/lib/thumb/v7e-m+fp/hard/libc.a(lib_a-mprec.o)
                0x0000000008009318                __mprec_tens
                0x00000000080093e0                __mprec_tinytens
                0x0000000008009408                __mprec_bigtens
 .rodata.str1.4
                0x0000000008009430       0x33 /usr/lib/gcc/arm-none-eabi/9.2.1/../../../arm-none-eabi/lib/thumb/v7e-m+fp/hard/libc.a(lib_a-mprec.o)
                                         0x47 (size before relaxing)
 *fill*         0x0000000008009463        0x1 
 .rodata        0x0000000008009464       0x20 /usr/lib/gcc/arm-none-eabi/9.2.1/../../../arm-none-eabi/lib/thumb/v7e-m+fp/hard/libc.a(lib_a-svfiprintf.o)
 .rodata.str1.4
                0x0000000008009484       0x2f /usr/lib/gcc/arm-none-eabi/9.2.1/../../../arm-none-eabi/lib/thumb/v7e-m+fp/hard/libc.a(lib_a-svfiprintf.o)
 .rodata.str1.4
                0x0000000008009484       0x3f /usr/lib/gcc/arm-none-eabi/9.2.1/../../../arm-none-eabi/lib/thumb/v7e-m+fp/hard/libc.a(lib_a-assert.o)
                                         0x43 (size before relaxing)
 *fill*         0x00000000080094c3        0x1 
 .rodata.str1.4
                0x00000000080094c4        0xe /usr/lib/gcc/arm-none-eabi/9.2.1/../../../arm-none-eabi/lib/thumb/v7e-m+fp/hard/libc.a(lib_a-locale.o)
                                         0x12 (size before relaxing)
 *fill*         0x00000000080094d2        0x2 
 .rodata        0x00000000080094d4       0x20 /usr/lib/gcc/arm-none-eabi/9.2.1/../../../arm-none-eabi/lib/thumb/v7e-m+fp/hard/libc.a(lib_a-vfiprintf.o)
 .rodata.str1.4
                0x00000000080094f4       0x2f /usr/lib/gcc/arm-none-eabi/9.2.1/../../../arm-none-eabi/lib/thumb/v7e-m+fp/hard/libc.a(lib_a-vfiprintf.o)
 .rodata        0x00000000080094f4      0x101 /usr/lib/gcc/arm-none-eabi/9.2.1/../../../arm-none-eabi/lib/thumb/v7e-m+fp/hard/libc.a(lib_a-ctype_.o)
                0x00000000080094f4                _ctype_
                0x00000000080095f8                . = ALIGN (0x4)
 *fill*         0x00000000080095f5        0x3 

.glue_7         0x00000000080095f8        0x0
 .glue_7        0x00000000080095f8        0x0 linker stubs

.glue_7t        0x00000000080095f8        0x0
 .glue_7t       0x00000000080095f8        0x0 linker stubs

.vfp11_veneer   0x00000000080095f8        0x0
 .vfp11_veneer  0x00000000080095f8        0x0 linker stubs

.v4_bx          0x00000000080095f8        0x0
 .v4_bx         0x00000000080095f8        0x0 linker stubs

.iplt           0x00000000080095f8        0x0
 .iplt          0x00000000080095f8        0x0 sdram.o

.preinit_array  0x00000000080095f8        0x0
                0x00000000080095f8                . = ALIGN (0x4)
                0x00000000080095f8                __preinit_array_start = .
 *(.preinit_array)
                0x00000000080095f8                __preinit_array_end = .

.init_array     0x00000000080095f8        0x0
                0x00000000080095f8                . = ALIGN (0x4)
                0x00000000080095f8                __init_array_start = .
 *(SORT_BY_NAME(.init_array.*))
 *(.init_array)
                0x00000000080095f8                __init_array_end = .

.fini_array     0x00000000080095f8        0x0
                0x00000000080095f8                . = ALIGN (0x4)
                0x00000000080095f8                __fini_array_start = .
 *(.fini_array)
 *(SORT_BY_NAME(.fini_array.*))
                0x00000000080095f8                __fini_array_end = .

.ARM.extab
 *(.ARM.extab*)

.ARM.exidx      0x00000000080095f8        0x8
                0x00000000080095f8                __exidx_start = .
 *(.ARM.exidx*)
 .ARM.exidx     0x00000000080095f8        0x8 /usr/lib/gcc/arm-none-eabi/9.2.1/thumb/v7e-m+fp/hard/libgcc.a(_udivmoddi4.o)
                0x0000000008009600                __exidx_end = .

.rel.dyn        0x0000000008009600        0x0
 .rel.iplt      0x0000000008009600        0x0 sdram.o
                0x0000000008009600                . = ALIGN (0x4)
                0x0000000008009600                _etext = .

.noinit
 *(.noinit*)
                0x0000000008009600                . = ALIGN (0x4)

.data           0x0000000020000000      0x9d4 load address 0x0000000008009600
                0x0000000020000000                _data = .
 *(.data*)
 .data.timing   0x0000000020000000       0x1c sdram.o
 .data.rcc_ahb_frequency
                0x000000002000001c        0x4 ./libopencm3//lib/libopencm3_stm32f4.a(rcc.o)
                0x000000002000001c                rcc_ahb_frequency
 .data.rcc_apb1_frequency
                0x0000000020000020        0x4 ./libopencm3//lib/libopencm3_stm32f4.a(rcc.o)
                0x0000000020000020                rcc_apb1_frequency
 .data.rcc_apb2_frequency
                0x0000000020000024        0x4 ./libopencm3//lib/libopencm3_stm32f4.a(rcc.o)
                0x0000000020000024                rcc_apb2_frequency
 .data          0x0000000020000028      0x430 /usr/lib/gcc/arm-none-eabi/9.2.1/../../../arm-none-eabi/lib/thumb/v7e-m+fp/hard/libc.a(lib_a-impure.o)
                0x0000000020000028                _impure_ptr
 .data          0x0000000020000458      0x410 /usr/lib/gcc/arm-none-eabi/9.2.1/../../../arm-none-eabi/lib/thumb/v7e-m+fp/hard/libc.a(lib_a-mallocr.o)
                0x0000000020000458                __malloc_av_
                0x0000000020000860                __malloc_sbrk_base
                0x0000000020000864                __malloc_trim_threshold
 .data          0x0000000020000868      0x16c /usr/lib/gcc/arm-none-eabi/9.2.1/../../../arm-none-eabi/lib/thumb/v7e-m+fp/hard/libc.a(lib_a-locale.o)
                0x0000000020000868                __global_locale
 *(.ramtext*)
                0x00000000200009d4                . = ALIGN (0x4)
                0x00000000200009d4                _edata = .
                0x0000000008009600                _data_loadaddr = LOADADDR (.data)

.igot.plt       0x00000000200009d4        0x0 load address 0x0000000008009fd4
 .igot.plt      0x00000000200009d4        0x0 sdram.o

.bss            0x00000000200009d4       0xe4 load address 0x0000000008009fd4
 *(.bss*)
 .bss.system_millis
                0x00000000200009d4        0x4 clock.o
 .bss.recv_buf  0x00000000200009d8       0x80 console.o
                0x00000000200009d8                recv_buf
 .bss.recv_ndx_cur
                0x0000000020000a58        0x4 console.o
                0x0000000020000a58                recv_ndx_cur
 .bss.recv_ndx_nxt
                0x0000000020000a5c        0x4 console.o
                0x0000000020000a5c                recv_ndx_nxt
 .bss.cur_frame
                0x0000000020000a60        0x4 lcd-spi.o
                0x0000000020000a60                cur_frame
 .bss.display_frame
                0x0000000020000a64        0x4 lcd-spi.o
                0x0000000020000a64                display_frame
 .bss.__gfx_state
                0x0000000020000a68       0x14 gfx.o
                0x0000000020000a68                __gfx_state
 .bss           0x0000000020000a7c       0x34 /usr/lib/gcc/arm-none-eabi/9.2.1/../../../arm-none-eabi/lib/thumb/v7e-m+fp/hard/libc.a(lib_a-mallocr.o)
                0x0000000020000a7c                __malloc_top_pad
                0x0000000020000a80                __malloc_current_mallinfo
                0x0000000020000aa8                __malloc_max_sbrked_mem
                0x0000000020000aac                __malloc_max_total_mem
 .bss           0x0000000020000ab0        0x4 /usr/lib/gcc/arm-none-eabi/9.2.1/../../../arm-none-eabi/lib/thumb/v7e-m+fp/hard/libnosys.a(sbrk.o)
 *(COMMON)
 COMMON         0x0000000020000ab4        0x4 /usr/lib/gcc/arm-none-eabi/9.2.1/../../../arm-none-eabi/lib/thumb/v7e-m+fp/hard/libc.a(lib_a-reent.o)
                0x0000000020000ab4                errno
                0x0000000020000ab8                . = ALIGN (0x4)
                0x0000000020000ab8                _ebss = .

/DISCARD/
 *(.eh_frame)
                0x0000000020000ab8                . = ALIGN (0x4)
                0x0000000020000ab8                end = .
                0x0000000020030000                PROVIDE (_stack = (ORIGIN (ram) + LENGTH (ram)))
OUTPUT(sismografo.elf elf32-littlearm)
LOAD linker stubs

.debug_info     0x0000000000000000    0x3887e
 .debug_info    0x0000000000000000      0xa04 sdram.o
 .debug_info    0x0000000000000a04      0x357 clock.o
 .debug_info    0x0000000000000d5b      0xacd console.o
 .debug_info    0x0000000000001828      0xecf lcd-spi.o
 .debug_info    0x00000000000026f7     0x20a2 gfx.o
 .debug_info    0x0000000000004799     0x1a40 sismografo.o
 .debug_info    0x00000000000061d9      0x209 ./libopencm3//lib/libopencm3_stm32f4.a(fmc_common_f47.o)
 .debug_info    0x00000000000063e2      0x24e ./libopencm3//lib/libopencm3_stm32f4.a(gpio_common_all.o)
 .debug_info    0x0000000000006630      0x20f ./libopencm3//lib/libopencm3_stm32f4.a(gpio_common_f0234.o)
 .debug_info    0x000000000000683f      0xaca ./libopencm3//lib/libopencm3_stm32f4.a(rcc_common_all.o)
 .debug_info    0x0000000000007309     0x112b ./libopencm3//lib/libopencm3_stm32f4.a(rcc.o)
 .debug_info    0x0000000000008434      0x996 ./libopencm3//lib/libopencm3_stm32f4.a(spi_common_all.o)
 .debug_info    0x0000000000008dca      0x2f0 ./libopencm3//lib/libopencm3_stm32f4.a(spi_common_v1.o)
 .debug_info    0x00000000000090ba      0x814 ./libopencm3//lib/libopencm3_stm32f4.a(usart_common_all.o)
 .debug_info    0x00000000000098ce      0x2e6 ./libopencm3//lib/libopencm3_stm32f4.a(vector.o)
 .debug_info    0x0000000000009bb4      0x268 ./libopencm3//lib/libopencm3_stm32f4.a(systick.o)
 .debug_info    0x0000000000009e1c      0x962 ./libopencm3//lib/libopencm3_stm32f4.a(scb.o)
 .debug_info    0x000000000000a77e      0x22d ./libopencm3//lib/libopencm3_stm32f4.a(nvic.o)
 .debug_info    0x000000000000a9ab       0xf0 ./libopencm3//lib/libopencm3_stm32f4.a(flash_common_all.o)
 .debug_info    0x000000000000aa9b       0xe8 ./libopencm3//lib/libopencm3_stm32f4.a(flash_common_idcache.o)
 .debug_info    0x000000000000ab83       0xdc ./libopencm3//lib/libopencm3_stm32f4.a(pwr.o)
 .debug_info    0x000000000000ac5f      0xc90 /usr/lib/gcc/arm-none-eabi/9.2.1/../../../arm-none-eabi/lib/thumb/v7e-m+fp/hard/libc.a(lib_a-sprintf.o)
 .debug_info    0x000000000000b8ef     0x1ebd /usr/lib/gcc/arm-none-eabi/9.2.1/../../../arm-none-eabi/lib/thumb/v7e-m+fp/hard/libc.a(lib_a-svfprintf.o)
 .debug_info    0x000000000000d7ac     0x1acf /usr/lib/gcc/arm-none-eabi/9.2.1/../../../arm-none-eabi/lib/thumb/v7e-m+fp/hard/libc.a(lib_a-dtoa.o)
 .debug_info    0x000000000000f27b      0x92a /usr/lib/gcc/arm-none-eabi/9.2.1/../../../arm-none-eabi/lib/thumb/v7e-m+fp/hard/libc.a(lib_a-impure.o)
 .debug_info    0x000000000000fba5      0xf49 /usr/lib/gcc/arm-none-eabi/9.2.1/../../../arm-none-eabi/lib/thumb/v7e-m+fp/hard/libc.a(lib_a-localeconv.o)
 .debug_info    0x0000000000010aee      0xf41 /usr/lib/gcc/arm-none-eabi/9.2.1/../../../arm-none-eabi/lib/thumb/v7e-m+fp/hard/libc.a(lib_a-mallocr.o)
 .debug_info    0x0000000000011a2f       0x26 /usr/lib/gcc/arm-none-eabi/9.2.1/../../../arm-none-eabi/lib/thumb/v7e-m+fp/hard/libc.a(lib_a-memchr.o)
 .debug_info    0x0000000000011a55       0x26 /usr/lib/gcc/arm-none-eabi/9.2.1/../../../arm-none-eabi/lib/thumb/v7e-m+fp/hard/libc.a(lib_a-memcpy.o)
 .debug_info    0x0000000000011a7b      0x961 /usr/lib/gcc/arm-none-eabi/9.2.1/../../../arm-none-eabi/lib/thumb/v7e-m+fp/hard/libc.a(lib_a-mlock.o)
 .debug_info    0x00000000000123dc     0x228d /usr/lib/gcc/arm-none-eabi/9.2.1/../../../arm-none-eabi/lib/thumb/v7e-m+fp/hard/libc.a(lib_a-mprec.o)
 .debug_info    0x0000000000014669      0x9fb /usr/lib/gcc/arm-none-eabi/9.2.1/../../../arm-none-eabi/lib/thumb/v7e-m+fp/hard/libc.a(lib_a-sbrkr.o)
 .debug_info    0x0000000000015064       0x26 /usr/lib/gcc/arm-none-eabi/9.2.1/../../../arm-none-eabi/lib/thumb/v7e-m+fp/hard/libc.a(lib_a-strlen.o)
 .debug_info    0x000000000001508a     0x18fe /usr/lib/gcc/arm-none-eabi/9.2.1/../../../arm-none-eabi/lib/thumb/v7e-m+fp/hard/libc.a(lib_a-svfiprintf.o)
 .debug_info    0x0000000000016988      0xa41 /usr/lib/gcc/arm-none-eabi/9.2.1/../../../arm-none-eabi/lib/thumb/v7e-m+fp/hard/libc.a(lib_a-assert.o)
 .debug_info    0x00000000000173c9      0xc2f /usr/lib/gcc/arm-none-eabi/9.2.1/../../../arm-none-eabi/lib/thumb/v7e-m+fp/hard/libc.a(lib_a-callocr.o)
 .debug_info    0x0000000000017ff8      0xa71 /usr/lib/gcc/arm-none-eabi/9.2.1/../../../arm-none-eabi/lib/thumb/v7e-m+fp/hard/libc.a(lib_a-fiprintf.o)
 .debug_info    0x0000000000018a69      0xdc4 /usr/lib/gcc/arm-none-eabi/9.2.1/../../../arm-none-eabi/lib/thumb/v7e-m+fp/hard/libc.a(lib_a-freer.o)
 .debug_info    0x000000000001982d     0x10ca /usr/lib/gcc/arm-none-eabi/9.2.1/../../../arm-none-eabi/lib/thumb/v7e-m+fp/hard/libc.a(lib_a-locale.o)
 .debug_info    0x000000000001a8f7     0x1044 /usr/lib/gcc/arm-none-eabi/9.2.1/../../../arm-none-eabi/lib/thumb/v7e-m+fp/hard/libc.a(lib_a-mbtowc_r.o)
 .debug_info    0x000000000001b93b      0xf2b /usr/lib/gcc/arm-none-eabi/9.2.1/../../../arm-none-eabi/lib/thumb/v7e-m+fp/hard/libc.a(lib_a-memmove.o)
 .debug_info    0x000000000001c866      0xf21 /usr/lib/gcc/arm-none-eabi/9.2.1/../../../arm-none-eabi/lib/thumb/v7e-m+fp/hard/libc.a(lib_a-memset.o)
 .debug_info    0x000000000001d787      0xefd /usr/lib/gcc/arm-none-eabi/9.2.1/../../../arm-none-eabi/lib/thumb/v7e-m+fp/hard/libc.a(lib_a-reallocr.o)
 .debug_info    0x000000000001e684      0xac5 /usr/lib/gcc/arm-none-eabi/9.2.1/../../../arm-none-eabi/lib/thumb/v7e-m+fp/hard/libc.a(lib_a-reent.o)
 .debug_info    0x000000000001f149       0x26 /usr/lib/gcc/arm-none-eabi/9.2.1/../../../arm-none-eabi/lib/thumb/v7e-m+fp/hard/libc.a(lib_a-strcmp.o)
 .debug_info    0x000000000001f16f     0x1eb6 /usr/lib/gcc/arm-none-eabi/9.2.1/../../../arm-none-eabi/lib/thumb/v7e-m+fp/hard/libc.a(lib_a-vfiprintf.o)
 .debug_info    0x0000000000021025      0xffd /usr/lib/gcc/arm-none-eabi/9.2.1/../../../arm-none-eabi/lib/thumb/v7e-m+fp/hard/libc.a(lib_a-wctomb_r.o)
 .debug_info    0x0000000000022022      0xbf3 /usr/lib/gcc/arm-none-eabi/9.2.1/../../../arm-none-eabi/lib/thumb/v7e-m+fp/hard/libc.a(lib_a-wsetup.o)
 .debug_info    0x0000000000022c15      0x9b5 /usr/lib/gcc/arm-none-eabi/9.2.1/../../../arm-none-eabi/lib/thumb/v7e-m+fp/hard/libc.a(lib_a-abort.o)
 .debug_info    0x00000000000235ca      0xe91 /usr/lib/gcc/arm-none-eabi/9.2.1/../../../arm-none-eabi/lib/thumb/v7e-m+fp/hard/libc.a(lib_a-ctype_.o)
 .debug_info    0x000000000002445b      0xd73 /usr/lib/gcc/arm-none-eabi/9.2.1/../../../arm-none-eabi/lib/thumb/v7e-m+fp/hard/libc.a(lib_a-fflush.o)
 .debug_info    0x00000000000251ce     0x1143 /usr/lib/gcc/arm-none-eabi/9.2.1/../../../arm-none-eabi/lib/thumb/v7e-m+fp/hard/libc.a(lib_a-findfp.o)
 .debug_info    0x0000000000026311      0xe4a /usr/lib/gcc/arm-none-eabi/9.2.1/../../../arm-none-eabi/lib/thumb/v7e-m+fp/hard/libc.a(lib_a-fputwc.o)
 .debug_info    0x000000000002715b      0xeed /usr/lib/gcc/arm-none-eabi/9.2.1/../../../arm-none-eabi/lib/thumb/v7e-m+fp/hard/libc.a(lib_a-fvwrite.o)
 .debug_info    0x0000000000028048      0xca4 /usr/lib/gcc/arm-none-eabi/9.2.1/../../../arm-none-eabi/lib/thumb/v7e-m+fp/hard/libc.a(lib_a-fwalk.o)
 .debug_info    0x0000000000028cec      0xf69 /usr/lib/gcc/arm-none-eabi/9.2.1/../../../arm-none-eabi/lib/thumb/v7e-m+fp/hard/libc.a(lib_a-makebuf.o)
 .debug_info    0x0000000000029c55      0xd5c /usr/lib/gcc/arm-none-eabi/9.2.1/../../../arm-none-eabi/lib/thumb/v7e-m+fp/hard/libc.a(lib_a-signal.o)
 .debug_info    0x000000000002a9b1      0xa44 /usr/lib/gcc/arm-none-eabi/9.2.1/../../../arm-none-eabi/lib/thumb/v7e-m+fp/hard/libc.a(lib_a-signalr.o)
 .debug_info    0x000000000002b3f5      0xe67 /usr/lib/gcc/arm-none-eabi/9.2.1/../../../arm-none-eabi/lib/thumb/v7e-m+fp/hard/libc.a(lib_a-stdio.o)
 .debug_info    0x000000000002c25c      0xc90 /usr/lib/gcc/arm-none-eabi/9.2.1/../../../arm-none-eabi/lib/thumb/v7e-m+fp/hard/libc.a(lib_a-wbuf.o)
 .debug_info    0x000000000002ceec     0x10b3 /usr/lib/gcc/arm-none-eabi/9.2.1/../../../arm-none-eabi/lib/thumb/v7e-m+fp/hard/libc.a(lib_a-wcrtomb.o)
 .debug_info    0x000000000002df9f      0xa2c /usr/lib/gcc/arm-none-eabi/9.2.1/../../../arm-none-eabi/lib/thumb/v7e-m+fp/hard/libc.a(lib_a-writer.o)
 .debug_info    0x000000000002e9cb      0x9d8 /usr/lib/gcc/arm-none-eabi/9.2.1/../../../arm-none-eabi/lib/thumb/v7e-m+fp/hard/libc.a(lib_a-closer.o)
 .debug_info    0x000000000002f3a3      0xcd5 /usr/lib/gcc/arm-none-eabi/9.2.1/../../../arm-none-eabi/lib/thumb/v7e-m+fp/hard/libc.a(lib_a-fclose.o)
 .debug_info    0x0000000000030078      0xc24 /usr/lib/gcc/arm-none-eabi/9.2.1/../../../arm-none-eabi/lib/thumb/v7e-m+fp/hard/libc.a(lib_a-fstatr.o)
 .debug_info    0x0000000000030c9c      0x9d8 /usr/lib/gcc/arm-none-eabi/9.2.1/../../../arm-none-eabi/lib/thumb/v7e-m+fp/hard/libc.a(lib_a-isattyr.o)
 .debug_info    0x0000000000031674      0xa0d /usr/lib/gcc/arm-none-eabi/9.2.1/../../../arm-none-eabi/lib/thumb/v7e-m+fp/hard/libc.a(lib_a-lseekr.o)
 .debug_info    0x0000000000032081      0xa25 /usr/lib/gcc/arm-none-eabi/9.2.1/../../../arm-none-eabi/lib/thumb/v7e-m+fp/hard/libc.a(lib_a-readr.o)
 .debug_info    0x0000000000032aa6       0x26 /usr/lib/gcc/arm-none-eabi/9.2.1/thumb/v7e-m+fp/hard/libgcc.a(_arm_addsubdf3.o)
 .debug_info    0x0000000000032acc       0x26 /usr/lib/gcc/arm-none-eabi/9.2.1/thumb/v7e-m+fp/hard/libgcc.a(_arm_muldivdf3.o)
 .debug_info    0x0000000000032af2       0x26 /usr/lib/gcc/arm-none-eabi/9.2.1/thumb/v7e-m+fp/hard/libgcc.a(_arm_cmpdf2.o)
 .debug_info    0x0000000000032b18       0x26 /usr/lib/gcc/arm-none-eabi/9.2.1/thumb/v7e-m+fp/hard/libgcc.a(_arm_unorddf2.o)
 .debug_info    0x0000000000032b3e       0x26 /usr/lib/gcc/arm-none-eabi/9.2.1/thumb/v7e-m+fp/hard/libgcc.a(_arm_fixdfsi.o)
 .debug_info    0x0000000000032b64       0x26 /usr/lib/gcc/arm-none-eabi/9.2.1/thumb/v7e-m+fp/hard/libgcc.a(_aeabi_uldivmod.o)
 .debug_info    0x0000000000032b8a      0xd7c /usr/lib/gcc/arm-none-eabi/9.2.1/thumb/v7e-m+fp/hard/libgcc.a(_udivmoddi4.o)
 .debug_info    0x0000000000033906       0x26 /usr/lib/gcc/arm-none-eabi/9.2.1/thumb/v7e-m+fp/hard/libgcc.a(_dvmd_tls.o)
 .debug_info    0x000000000003392c      0x96e /usr/lib/gcc/arm-none-eabi/9.2.1/../../../arm-none-eabi/lib/thumb/v7e-m+fp/hard/libnosys.a(close.o)
 .debug_info    0x000000000003429a      0xbb1 /usr/lib/gcc/arm-none-eabi/9.2.1/../../../arm-none-eabi/lib/thumb/v7e-m+fp/hard/libnosys.a(fstat.o)
 .debug_info    0x0000000000034e4b      0x959 /usr/lib/gcc/arm-none-eabi/9.2.1/../../../arm-none-eabi/lib/thumb/v7e-m+fp/hard/libnosys.a(getpid.o)
 .debug_info    0x00000000000357a4      0x96e /usr/lib/gcc/arm-none-eabi/9.2.1/../../../arm-none-eabi/lib/thumb/v7e-m+fp/hard/libnosys.a(isatty.o)
 .debug_info    0x0000000000036112      0x97c /usr/lib/gcc/arm-none-eabi/9.2.1/../../../arm-none-eabi/lib/thumb/v7e-m+fp/hard/libnosys.a(kill.o)
 .debug_info    0x0000000000036a8e      0x990 /usr/lib/gcc/arm-none-eabi/9.2.1/../../../arm-none-eabi/lib/thumb/v7e-m+fp/hard/libnosys.a(lseek.o)
 .debug_info    0x000000000003741e      0x990 /usr/lib/gcc/arm-none-eabi/9.2.1/../../../arm-none-eabi/lib/thumb/v7e-m+fp/hard/libnosys.a(read.o)
 .debug_info    0x0000000000037dae       0x9d /usr/lib/gcc/arm-none-eabi/9.2.1/../../../arm-none-eabi/lib/thumb/v7e-m+fp/hard/libnosys.a(sbrk.o)
 .debug_info    0x0000000000037e4b      0x990 /usr/lib/gcc/arm-none-eabi/9.2.1/../../../arm-none-eabi/lib/thumb/v7e-m+fp/hard/libnosys.a(write.o)
 .debug_info    0x00000000000387db       0xa3 /usr/lib/gcc/arm-none-eabi/9.2.1/../../../arm-none-eabi/lib/thumb/v7e-m+fp/hard/libnosys.a(_exit.o)

.debug_abbrev   0x0000000000000000     0xabe9
 .debug_abbrev  0x0000000000000000      0x1a7 sdram.o
 .debug_abbrev  0x00000000000001a7      0x1a7 clock.o
 .debug_abbrev  0x000000000000034e      0x248 console.o
 .debug_abbrev  0x0000000000000596      0x3ab lcd-spi.o
 .debug_abbrev  0x0000000000000941      0x43d gfx.o
 .debug_abbrev  0x0000000000000d7e      0x338 sismografo.o
 .debug_abbrev  0x00000000000010b6      0x10c ./libopencm3//lib/libopencm3_stm32f4.a(fmc_common_f47.o)
 .debug_abbrev  0x00000000000011c2      0x116 ./libopencm3//lib/libopencm3_stm32f4.a(gpio_common_all.o)
 .debug_abbrev  0x00000000000012d8       0xbf ./libopencm3//lib/libopencm3_stm32f4.a(gpio_common_f0234.o)
 .debug_abbrev  0x0000000000001397      0x1da ./libopencm3//lib/libopencm3_stm32f4.a(rcc_common_all.o)
 .debug_abbrev  0x0000000000001571      0x2d1 ./libopencm3//lib/libopencm3_stm32f4.a(rcc.o)
 .debug_abbrev  0x0000000000001842      0x203 ./libopencm3//lib/libopencm3_stm32f4.a(spi_common_all.o)
 .debug_abbrev  0x0000000000001a45      0x13e ./libopencm3//lib/libopencm3_stm32f4.a(spi_common_v1.o)
 .debug_abbrev  0x0000000000001b83      0x1d2 ./libopencm3//lib/libopencm3_stm32f4.a(usart_common_all.o)
 .debug_abbrev  0x0000000000001d55      0x15b ./libopencm3//lib/libopencm3_stm32f4.a(vector.o)
 .debug_abbrev  0x0000000000001eb0      0x155 ./libopencm3//lib/libopencm3_stm32f4.a(systick.o)
 .debug_abbrev  0x0000000000002005      0x1f2 ./libopencm3//lib/libopencm3_stm32f4.a(scb.o)
 .debug_abbrev  0x00000000000021f7       0xb5 ./libopencm3//lib/libopencm3_stm32f4.a(nvic.o)
 .debug_abbrev  0x00000000000022ac       0x9a ./libopencm3//lib/libopencm3_stm32f4.a(flash_common_all.o)
 .debug_abbrev  0x0000000000002346       0x56 ./libopencm3//lib/libopencm3_stm32f4.a(flash_common_idcache.o)
 .debug_abbrev  0x000000000000239c       0x9c ./libopencm3//lib/libopencm3_stm32f4.a(pwr.o)
 .debug_abbrev  0x0000000000002438      0x2b2 /usr/lib/gcc/arm-none-eabi/9.2.1/../../../arm-none-eabi/lib/thumb/v7e-m+fp/hard/libc.a(lib_a-sprintf.o)
 .debug_abbrev  0x00000000000026ea      0x415 /usr/lib/gcc/arm-none-eabi/9.2.1/../../../arm-none-eabi/lib/thumb/v7e-m+fp/hard/libc.a(lib_a-svfprintf.o)
 .debug_abbrev  0x0000000000002aff      0x343 /usr/lib/gcc/arm-none-eabi/9.2.1/../../../arm-none-eabi/lib/thumb/v7e-m+fp/hard/libc.a(lib_a-dtoa.o)
 .debug_abbrev  0x0000000000002e42      0x1b8 /usr/lib/gcc/arm-none-eabi/9.2.1/../../../arm-none-eabi/lib/thumb/v7e-m+fp/hard/libc.a(lib_a-impure.o)
 .debug_abbrev  0x0000000000002ffa      0x27d /usr/lib/gcc/arm-none-eabi/9.2.1/../../../arm-none-eabi/lib/thumb/v7e-m+fp/hard/libc.a(lib_a-localeconv.o)
 .debug_abbrev  0x0000000000003277      0x321 /usr/lib/gcc/arm-none-eabi/9.2.1/../../../arm-none-eabi/lib/thumb/v7e-m+fp/hard/libc.a(lib_a-mallocr.o)
 .debug_abbrev  0x0000000000003598       0x14 /usr/lib/gcc/arm-none-eabi/9.2.1/../../../arm-none-eabi/lib/thumb/v7e-m+fp/hard/libc.a(lib_a-memchr.o)
 .debug_abbrev  0x00000000000035ac       0x14 /usr/lib/gcc/arm-none-eabi/9.2.1/../../../arm-none-eabi/lib/thumb/v7e-m+fp/hard/libc.a(lib_a-memcpy.o)
 .debug_abbrev  0x00000000000035c0      0x203 /usr/lib/gcc/arm-none-eabi/9.2.1/../../../arm-none-eabi/lib/thumb/v7e-m+fp/hard/libc.a(lib_a-mlock.o)
 .debug_abbrev  0x00000000000037c3      0x4b7 /usr/lib/gcc/arm-none-eabi/9.2.1/../../../arm-none-eabi/lib/thumb/v7e-m+fp/hard/libc.a(lib_a-mprec.o)
 .debug_abbrev  0x0000000000003c7a      0x250 /usr/lib/gcc/arm-none-eabi/9.2.1/../../../arm-none-eabi/lib/thumb/v7e-m+fp/hard/libc.a(lib_a-sbrkr.o)
 .debug_abbrev  0x0000000000003eca       0x14 /usr/lib/gcc/arm-none-eabi/9.2.1/../../../arm-none-eabi/lib/thumb/v7e-m+fp/hard/libc.a(lib_a-strlen.o)
 .debug_abbrev  0x0000000000003ede      0x352 /usr/lib/gcc/arm-none-eabi/9.2.1/../../../arm-none-eabi/lib/thumb/v7e-m+fp/hard/libc.a(lib_a-svfiprintf.o)
 .debug_abbrev  0x0000000000004230      0x23d /usr/lib/gcc/arm-none-eabi/9.2.1/../../../arm-none-eabi/lib/thumb/v7e-m+fp/hard/libc.a(lib_a-assert.o)
 .debug_abbrev  0x000000000000446d      0x275 /usr/lib/gcc/arm-none-eabi/9.2.1/../../../arm-none-eabi/lib/thumb/v7e-m+fp/hard/libc.a(lib_a-callocr.o)
 .debug_abbrev  0x00000000000046e2      0x255 /usr/lib/gcc/arm-none-eabi/9.2.1/../../../arm-none-eabi/lib/thumb/v7e-m+fp/hard/libc.a(lib_a-fiprintf.o)
 .debug_abbrev  0x0000000000004937      0x2c9 /usr/lib/gcc/arm-none-eabi/9.2.1/../../../arm-none-eabi/lib/thumb/v7e-m+fp/hard/libc.a(lib_a-freer.o)
 .debug_abbrev  0x0000000000004c00      0x2e8 /usr/lib/gcc/arm-none-eabi/9.2.1/../../../arm-none-eabi/lib/thumb/v7e-m+fp/hard/libc.a(lib_a-locale.o)
 .debug_abbrev  0x0000000000004ee8      0x25f /usr/lib/gcc/arm-none-eabi/9.2.1/../../../arm-none-eabi/lib/thumb/v7e-m+fp/hard/libc.a(lib_a-mbtowc_r.o)
 .debug_abbrev  0x0000000000005147      0x21c /usr/lib/gcc/arm-none-eabi/9.2.1/../../../arm-none-eabi/lib/thumb/v7e-m+fp/hard/libc.a(lib_a-memmove.o)
 .debug_abbrev  0x0000000000005363      0x217 /usr/lib/gcc/arm-none-eabi/9.2.1/../../../arm-none-eabi/lib/thumb/v7e-m+fp/hard/libc.a(lib_a-memset.o)
 .debug_abbrev  0x000000000000557a      0x2a8 /usr/lib/gcc/arm-none-eabi/9.2.1/../../../arm-none-eabi/lib/thumb/v7e-m+fp/hard/libc.a(lib_a-reallocr.o)
 .debug_abbrev  0x0000000000005822      0x2ba /usr/lib/gcc/arm-none-eabi/9.2.1/../../../arm-none-eabi/lib/thumb/v7e-m+fp/hard/libc.a(lib_a-reent.o)
 .debug_abbrev  0x0000000000005adc       0x14 /usr/lib/gcc/arm-none-eabi/9.2.1/../../../arm-none-eabi/lib/thumb/v7e-m+fp/hard/libc.a(lib_a-strcmp.o)
 .debug_abbrev  0x0000000000005af0      0x468 /usr/lib/gcc/arm-none-eabi/9.2.1/../../../arm-none-eabi/lib/thumb/v7e-m+fp/hard/libc.a(lib_a-vfiprintf.o)
 .debug_abbrev  0x0000000000005f58      0x269 /usr/lib/gcc/arm-none-eabi/9.2.1/../../../arm-none-eabi/lib/thumb/v7e-m+fp/hard/libc.a(lib_a-wctomb_r.o)
 .debug_abbrev  0x00000000000061c1      0x283 /usr/lib/gcc/arm-none-eabi/9.2.1/../../../arm-none-eabi/lib/thumb/v7e-m+fp/hard/libc.a(lib_a-wsetup.o)
 .debug_abbrev  0x0000000000006444      0x20b /usr/lib/gcc/arm-none-eabi/9.2.1/../../../arm-none-eabi/lib/thumb/v7e-m+fp/hard/libc.a(lib_a-abort.o)
 .debug_abbrev  0x000000000000664f      0x1b6 /usr/lib/gcc/arm-none-eabi/9.2.1/../../../arm-none-eabi/lib/thumb/v7e-m+fp/hard/libc.a(lib_a-ctype_.o)
 .debug_abbrev  0x0000000000006805      0x322 /usr/lib/gcc/arm-none-eabi/9.2.1/../../../arm-none-eabi/lib/thumb/v7e-m+fp/hard/libc.a(lib_a-fflush.o)
 .debug_abbrev  0x0000000000006b27      0x425 /usr/lib/gcc/arm-none-eabi/9.2.1/../../../arm-none-eabi/lib/thumb/v7e-m+fp/hard/libc.a(lib_a-findfp.o)
 .debug_abbrev  0x0000000000006f4c      0x38c /usr/lib/gcc/arm-none-eabi/9.2.1/../../../arm-none-eabi/lib/thumb/v7e-m+fp/hard/libc.a(lib_a-fputwc.o)
 .debug_abbrev  0x00000000000072d8      0x2ae /usr/lib/gcc/arm-none-eabi/9.2.1/../../../arm-none-eabi/lib/thumb/v7e-m+fp/hard/libc.a(lib_a-fvwrite.o)
 .debug_abbrev  0x0000000000007586      0x24e /usr/lib/gcc/arm-none-eabi/9.2.1/../../../arm-none-eabi/lib/thumb/v7e-m+fp/hard/libc.a(lib_a-fwalk.o)
 .debug_abbrev  0x00000000000077d4      0x334 /usr/lib/gcc/arm-none-eabi/9.2.1/../../../arm-none-eabi/lib/thumb/v7e-m+fp/hard/libc.a(lib_a-makebuf.o)
 .debug_abbrev  0x0000000000007b08      0x36b /usr/lib/gcc/arm-none-eabi/9.2.1/../../../arm-none-eabi/lib/thumb/v7e-m+fp/hard/libc.a(lib_a-signal.o)
 .debug_abbrev  0x0000000000007e73      0x255 /usr/lib/gcc/arm-none-eabi/9.2.1/../../../arm-none-eabi/lib/thumb/v7e-m+fp/hard/libc.a(lib_a-signalr.o)
 .debug_abbrev  0x00000000000080c8      0x2ad /usr/lib/gcc/arm-none-eabi/9.2.1/../../../arm-none-eabi/lib/thumb/v7e-m+fp/hard/libc.a(lib_a-stdio.o)
 .debug_abbrev  0x0000000000008375      0x2c3 /usr/lib/gcc/arm-none-eabi/9.2.1/../../../arm-none-eabi/lib/thumb/v7e-m+fp/hard/libc.a(lib_a-wbuf.o)
 .debug_abbrev  0x0000000000008638      0x256 /usr/lib/gcc/arm-none-eabi/9.2.1/../../../arm-none-eabi/lib/thumb/v7e-m+fp/hard/libc.a(lib_a-wcrtomb.o)
 .debug_abbrev  0x000000000000888e      0x22a /usr/lib/gcc/arm-none-eabi/9.2.1/../../../arm-none-eabi/lib/thumb/v7e-m+fp/hard/libc.a(lib_a-writer.o)
 .debug_abbrev  0x0000000000008ab8      0x225 /usr/lib/gcc/arm-none-eabi/9.2.1/../../../arm-none-eabi/lib/thumb/v7e-m+fp/hard/libc.a(lib_a-closer.o)
 .debug_abbrev  0x0000000000008cdd      0x327 /usr/lib/gcc/arm-none-eabi/9.2.1/../../../arm-none-eabi/lib/thumb/v7e-m+fp/hard/libc.a(lib_a-fclose.o)
 .debug_abbrev  0x0000000000009004      0x239 /usr/lib/gcc/arm-none-eabi/9.2.1/../../../arm-none-eabi/lib/thumb/v7e-m+fp/hard/libc.a(lib_a-fstatr.o)
 .debug_abbrev  0x000000000000923d      0x225 /usr/lib/gcc/arm-none-eabi/9.2.1/../../../arm-none-eabi/lib/thumb/v7e-m+fp/hard/libc.a(lib_a-isattyr.o)
 .debug_abbrev  0x0000000000009462      0x239 /usr/lib/gcc/arm-none-eabi/9.2.1/../../../arm-none-eabi/lib/thumb/v7e-m+fp/hard/libc.a(lib_a-lseekr.o)
 .debug_abbrev  0x000000000000969b      0x225 /usr/lib/gcc/arm-none-eabi/9.2.1/../../../arm-none-eabi/lib/thumb/v7e-m+fp/hard/libc.a(lib_a-readr.o)
 .debug_abbrev  0x00000000000098c0       0x14 /usr/lib/gcc/arm-none-eabi/9.2.1/thumb/v7e-m+fp/hard/libgcc.a(_arm_addsubdf3.o)
 .debug_abbrev  0x00000000000098d4       0x14 /usr/lib/gcc/arm-none-eabi/9.2.1/thumb/v7e-m+fp/hard/libgcc.a(_arm_muldivdf3.o)
 .debug_abbrev  0x00000000000098e8       0x14 /usr/lib/gcc/arm-none-eabi/9.2.1/thumb/v7e-m+fp/hard/libgcc.a(_arm_cmpdf2.o)
 .debug_abbrev  0x00000000000098fc       0x14 /usr/lib/gcc/arm-none-eabi/9.2.1/thumb/v7e-m+fp/hard/libgcc.a(_arm_unorddf2.o)
 .debug_abbrev  0x0000000000009910       0x14 /usr/lib/gcc/arm-none-eabi/9.2.1/thumb/v7e-m+fp/hard/libgcc.a(_arm_fixdfsi.o)
 .debug_abbrev  0x0000000000009924       0x14 /usr/lib/gcc/arm-none-eabi/9.2.1/thumb/v7e-m+fp/hard/libgcc.a(_aeabi_uldivmod.o)
 .debug_abbrev  0x0000000000009938      0x1c2 /usr/lib/gcc/arm-none-eabi/9.2.1/thumb/v7e-m+fp/hard/libgcc.a(_udivmoddi4.o)
 .debug_abbrev  0x0000000000009afa       0x14 /usr/lib/gcc/arm-none-eabi/9.2.1/thumb/v7e-m+fp/hard/libgcc.a(_dvmd_tls.o)
 .debug_abbrev  0x0000000000009b0e      0x1ea /usr/lib/gcc/arm-none-eabi/9.2.1/../../../arm-none-eabi/lib/thumb/v7e-m+fp/hard/libnosys.a(close.o)
 .debug_abbrev  0x0000000000009cf8      0x1fd /usr/lib/gcc/arm-none-eabi/9.2.1/../../../arm-none-eabi/lib/thumb/v7e-m+fp/hard/libnosys.a(fstat.o)
 .debug_abbrev  0x0000000000009ef5      0x1d6 /usr/lib/gcc/arm-none-eabi/9.2.1/../../../arm-none-eabi/lib/thumb/v7e-m+fp/hard/libnosys.a(getpid.o)
 .debug_abbrev  0x000000000000a0cb      0x1ea /usr/lib/gcc/arm-none-eabi/9.2.1/../../../arm-none-eabi/lib/thumb/v7e-m+fp/hard/libnosys.a(isatty.o)
 .debug_abbrev  0x000000000000a2b5      0x1fb /usr/lib/gcc/arm-none-eabi/9.2.1/../../../arm-none-eabi/lib/thumb/v7e-m+fp/hard/libnosys.a(kill.o)
 .debug_abbrev  0x000000000000a4b0      0x20f /usr/lib/gcc/arm-none-eabi/9.2.1/../../../arm-none-eabi/lib/thumb/v7e-m+fp/hard/libnosys.a(lseek.o)
 .debug_abbrev  0x000000000000a6bf      0x20f /usr/lib/gcc/arm-none-eabi/9.2.1/../../../arm-none-eabi/lib/thumb/v7e-m+fp/hard/libnosys.a(read.o)
 .debug_abbrev  0x000000000000a8ce       0xa2 /usr/lib/gcc/arm-none-eabi/9.2.1/../../../arm-none-eabi/lib/thumb/v7e-m+fp/hard/libnosys.a(sbrk.o)
 .debug_abbrev  0x000000000000a970      0x20f /usr/lib/gcc/arm-none-eabi/9.2.1/../../../arm-none-eabi/lib/thumb/v7e-m+fp/hard/libnosys.a(write.o)
 .debug_abbrev  0x000000000000ab7f       0x6a /usr/lib/gcc/arm-none-eabi/9.2.1/../../../arm-none-eabi/lib/thumb/v7e-m+fp/hard/libnosys.a(_exit.o)

.debug_loc      0x0000000000000000    0x1760b
 .debug_loc     0x0000000000000000       0xde sdram.o
 .debug_loc     0x00000000000000de       0x3a clock.o
 .debug_loc     0x0000000000000118      0x1f3 console.o
 .debug_loc     0x000000000000030b      0x43f lcd-spi.o
 .debug_loc     0x000000000000074a     0x1692 gfx.o
 .debug_loc     0x0000000000001ddc       0xd0 sismografo.o
 .debug_loc     0x0000000000001eac      0x590 ./libopencm3//lib/libopencm3_stm32f4.a(fmc_common_f47.o)
 .debug_loc     0x000000000000243c       0xbe ./libopencm3//lib/libopencm3_stm32f4.a(gpio_common_all.o)
 .debug_loc     0x00000000000024fa      0x14d ./libopencm3//lib/libopencm3_stm32f4.a(gpio_common_f0234.o)
 .debug_loc     0x0000000000002647      0x120 ./libopencm3//lib/libopencm3_stm32f4.a(rcc_common_all.o)
 .debug_loc     0x0000000000002767      0x8c7 ./libopencm3//lib/libopencm3_stm32f4.a(rcc.o)
 .debug_loc     0x000000000000302e      0x170 ./libopencm3//lib/libopencm3_stm32f4.a(spi_common_all.o)
 .debug_loc     0x000000000000319e      0x149 ./libopencm3//lib/libopencm3_stm32f4.a(spi_common_v1.o)
 .debug_loc     0x00000000000032e7      0x2cc ./libopencm3//lib/libopencm3_stm32f4.a(usart_common_all.o)
 .debug_loc     0x00000000000035b3      0x128 ./libopencm3//lib/libopencm3_stm32f4.a(vector.o)
 .debug_loc     0x00000000000036db      0x192 ./libopencm3//lib/libopencm3_stm32f4.a(systick.o)
 .debug_loc     0x000000000000386d       0x25 ./libopencm3//lib/libopencm3_stm32f4.a(scb.o)
 .debug_loc     0x0000000000003892      0x14d ./libopencm3//lib/libopencm3_stm32f4.a(nvic.o)
 .debug_loc     0x00000000000039df       0x47 ./libopencm3//lib/libopencm3_stm32f4.a(flash_common_all.o)
 .debug_loc     0x0000000000003a26       0x47 ./libopencm3//lib/libopencm3_stm32f4.a(pwr.o)
 .debug_loc     0x0000000000003a6d       0xc2 /usr/lib/gcc/arm-none-eabi/9.2.1/../../../arm-none-eabi/lib/thumb/v7e-m+fp/hard/libc.a(lib_a-sprintf.o)
 .debug_loc     0x0000000000003b2f     0x33c5 /usr/lib/gcc/arm-none-eabi/9.2.1/../../../arm-none-eabi/lib/thumb/v7e-m+fp/hard/libc.a(lib_a-svfprintf.o)
 .debug_loc     0x0000000000006ef4     0x305a /usr/lib/gcc/arm-none-eabi/9.2.1/../../../arm-none-eabi/lib/thumb/v7e-m+fp/hard/libc.a(lib_a-dtoa.o)
 .debug_loc     0x0000000000009f4e       0x6f /usr/lib/gcc/arm-none-eabi/9.2.1/../../../arm-none-eabi/lib/thumb/v7e-m+fp/hard/libc.a(lib_a-localeconv.o)
 .debug_loc     0x0000000000009fbd      0xf44 /usr/lib/gcc/arm-none-eabi/9.2.1/../../../arm-none-eabi/lib/thumb/v7e-m+fp/hard/libc.a(lib_a-mallocr.o)
 .debug_loc     0x000000000000af01     0x234e /usr/lib/gcc/arm-none-eabi/9.2.1/../../../arm-none-eabi/lib/thumb/v7e-m+fp/hard/libc.a(lib_a-mprec.o)
 .debug_loc     0x000000000000d24f       0x6c /usr/lib/gcc/arm-none-eabi/9.2.1/../../../arm-none-eabi/lib/thumb/v7e-m+fp/hard/libc.a(lib_a-sbrkr.o)
 .debug_loc     0x000000000000d2bb     0x1923 /usr/lib/gcc/arm-none-eabi/9.2.1/../../../arm-none-eabi/lib/thumb/v7e-m+fp/hard/libc.a(lib_a-svfiprintf.o)
 .debug_loc     0x000000000000ebde      0x15c /usr/lib/gcc/arm-none-eabi/9.2.1/../../../arm-none-eabi/lib/thumb/v7e-m+fp/hard/libc.a(lib_a-assert.o)
 .debug_loc     0x000000000000ed3a      0x2d6 /usr/lib/gcc/arm-none-eabi/9.2.1/../../../arm-none-eabi/lib/thumb/v7e-m+fp/hard/libc.a(lib_a-callocr.o)
 .debug_loc     0x000000000000f010       0xa6 /usr/lib/gcc/arm-none-eabi/9.2.1/../../../arm-none-eabi/lib/thumb/v7e-m+fp/hard/libc.a(lib_a-fiprintf.o)
 .debug_loc     0x000000000000f0b6      0x6f8 /usr/lib/gcc/arm-none-eabi/9.2.1/../../../arm-none-eabi/lib/thumb/v7e-m+fp/hard/libc.a(lib_a-freer.o)
 .debug_loc     0x000000000000f7ae      0x189 /usr/lib/gcc/arm-none-eabi/9.2.1/../../../arm-none-eabi/lib/thumb/v7e-m+fp/hard/libc.a(lib_a-locale.o)
 .debug_loc     0x000000000000f937      0x21d /usr/lib/gcc/arm-none-eabi/9.2.1/../../../arm-none-eabi/lib/thumb/v7e-m+fp/hard/libc.a(lib_a-mbtowc_r.o)
 .debug_loc     0x000000000000fb54      0x2f1 /usr/lib/gcc/arm-none-eabi/9.2.1/../../../arm-none-eabi/lib/thumb/v7e-m+fp/hard/libc.a(lib_a-memmove.o)
 .debug_loc     0x000000000000fe45      0x231 /usr/lib/gcc/arm-none-eabi/9.2.1/../../../arm-none-eabi/lib/thumb/v7e-m+fp/hard/libc.a(lib_a-memset.o)
 .debug_loc     0x0000000000010076     0x12c8 /usr/lib/gcc/arm-none-eabi/9.2.1/../../../arm-none-eabi/lib/thumb/v7e-m+fp/hard/libc.a(lib_a-reallocr.o)
 .debug_loc     0x000000000001133e      0x152 /usr/lib/gcc/arm-none-eabi/9.2.1/../../../arm-none-eabi/lib/thumb/v7e-m+fp/hard/libc.a(lib_a-reent.o)
 .debug_loc     0x0000000000011490     0x25f3 /usr/lib/gcc/arm-none-eabi/9.2.1/../../../arm-none-eabi/lib/thumb/v7e-m+fp/hard/libc.a(lib_a-vfiprintf.o)
 .debug_loc     0x0000000000013a83      0x13a /usr/lib/gcc/arm-none-eabi/9.2.1/../../../arm-none-eabi/lib/thumb/v7e-m+fp/hard/libc.a(lib_a-wctomb_r.o)
 .debug_loc     0x0000000000013bbd       0xba /usr/lib/gcc/arm-none-eabi/9.2.1/../../../arm-none-eabi/lib/thumb/v7e-m+fp/hard/libc.a(lib_a-wsetup.o)
 .debug_loc     0x0000000000013c77      0x334 /usr/lib/gcc/arm-none-eabi/9.2.1/../../../arm-none-eabi/lib/thumb/v7e-m+fp/hard/libc.a(lib_a-fflush.o)
 .debug_loc     0x0000000000013fab      0x32c /usr/lib/gcc/arm-none-eabi/9.2.1/../../../arm-none-eabi/lib/thumb/v7e-m+fp/hard/libc.a(lib_a-findfp.o)
 .debug_loc     0x00000000000142d7      0x3cc /usr/lib/gcc/arm-none-eabi/9.2.1/../../../arm-none-eabi/lib/thumb/v7e-m+fp/hard/libc.a(lib_a-fputwc.o)
 .debug_loc     0x00000000000146a3      0x669 /usr/lib/gcc/arm-none-eabi/9.2.1/../../../arm-none-eabi/lib/thumb/v7e-m+fp/hard/libc.a(lib_a-fvwrite.o)
 .debug_loc     0x0000000000014d0c      0x24f /usr/lib/gcc/arm-none-eabi/9.2.1/../../../arm-none-eabi/lib/thumb/v7e-m+fp/hard/libc.a(lib_a-fwalk.o)
 .debug_loc     0x0000000000014f5b      0x192 /usr/lib/gcc/arm-none-eabi/9.2.1/../../../arm-none-eabi/lib/thumb/v7e-m+fp/hard/libc.a(lib_a-makebuf.o)
 .debug_loc     0x00000000000150ed      0x560 /usr/lib/gcc/arm-none-eabi/9.2.1/../../../arm-none-eabi/lib/thumb/v7e-m+fp/hard/libc.a(lib_a-signal.o)
 .debug_loc     0x000000000001564d       0xd0 /usr/lib/gcc/arm-none-eabi/9.2.1/../../../arm-none-eabi/lib/thumb/v7e-m+fp/hard/libc.a(lib_a-signalr.o)
 .debug_loc     0x000000000001571d      0x393 /usr/lib/gcc/arm-none-eabi/9.2.1/../../../arm-none-eabi/lib/thumb/v7e-m+fp/hard/libc.a(lib_a-stdio.o)
 .debug_loc     0x0000000000015ab0      0x1b0 /usr/lib/gcc/arm-none-eabi/9.2.1/../../../arm-none-eabi/lib/thumb/v7e-m+fp/hard/libc.a(lib_a-wbuf.o)
 .debug_loc     0x0000000000015c60      0x2b1 /usr/lib/gcc/arm-none-eabi/9.2.1/../../../arm-none-eabi/lib/thumb/v7e-m+fp/hard/libc.a(lib_a-wcrtomb.o)
 .debug_loc     0x0000000000015f11       0xdd /usr/lib/gcc/arm-none-eabi/9.2.1/../../../arm-none-eabi/lib/thumb/v7e-m+fp/hard/libc.a(lib_a-writer.o)
 .debug_loc     0x0000000000015fee       0x6c /usr/lib/gcc/arm-none-eabi/9.2.1/../../../arm-none-eabi/lib/thumb/v7e-m+fp/hard/libc.a(lib_a-closer.o)
 .debug_loc     0x000000000001605a      0x179 /usr/lib/gcc/arm-none-eabi/9.2.1/../../../arm-none-eabi/lib/thumb/v7e-m+fp/hard/libc.a(lib_a-fclose.o)
 .debug_loc     0x00000000000161d3       0xab /usr/lib/gcc/arm-none-eabi/9.2.1/../../../arm-none-eabi/lib/thumb/v7e-m+fp/hard/libc.a(lib_a-fstatr.o)
 .debug_loc     0x000000000001627e       0x6c /usr/lib/gcc/arm-none-eabi/9.2.1/../../../arm-none-eabi/lib/thumb/v7e-m+fp/hard/libc.a(lib_a-isattyr.o)
 .debug_loc     0x00000000000162ea       0xdd /usr/lib/gcc/arm-none-eabi/9.2.1/../../../arm-none-eabi/lib/thumb/v7e-m+fp/hard/libc.a(lib_a-lseekr.o)
 .debug_loc     0x00000000000163c7       0xdd /usr/lib/gcc/arm-none-eabi/9.2.1/../../../arm-none-eabi/lib/thumb/v7e-m+fp/hard/libc.a(lib_a-readr.o)
 .debug_loc     0x00000000000164a4      0xfa2 /usr/lib/gcc/arm-none-eabi/9.2.1/thumb/v7e-m+fp/hard/libgcc.a(_udivmoddi4.o)
 .debug_loc     0x0000000000017446       0x25 /usr/lib/gcc/arm-none-eabi/9.2.1/../../../arm-none-eabi/lib/thumb/v7e-m+fp/hard/libnosys.a(close.o)
 .debug_loc     0x000000000001746b       0x25 /usr/lib/gcc/arm-none-eabi/9.2.1/../../../arm-none-eabi/lib/thumb/v7e-m+fp/hard/libnosys.a(fstat.o)
 .debug_loc     0x0000000000017490       0x25 /usr/lib/gcc/arm-none-eabi/9.2.1/../../../arm-none-eabi/lib/thumb/v7e-m+fp/hard/libnosys.a(isatty.o)
 .debug_loc     0x00000000000174b5       0x25 /usr/lib/gcc/arm-none-eabi/9.2.1/../../../arm-none-eabi/lib/thumb/v7e-m+fp/hard/libnosys.a(kill.o)
 .debug_loc     0x00000000000174da       0x4a /usr/lib/gcc/arm-none-eabi/9.2.1/../../../arm-none-eabi/lib/thumb/v7e-m+fp/hard/libnosys.a(lseek.o)
 .debug_loc     0x0000000000017524       0x4a /usr/lib/gcc/arm-none-eabi/9.2.1/../../../arm-none-eabi/lib/thumb/v7e-m+fp/hard/libnosys.a(read.o)
 .debug_loc     0x000000000001756e       0x3e /usr/lib/gcc/arm-none-eabi/9.2.1/../../../arm-none-eabi/lib/thumb/v7e-m+fp/hard/libnosys.a(sbrk.o)
 .debug_loc     0x00000000000175ac       0x4a /usr/lib/gcc/arm-none-eabi/9.2.1/../../../arm-none-eabi/lib/thumb/v7e-m+fp/hard/libnosys.a(write.o)
 .debug_loc     0x00000000000175f6       0x15 /usr/lib/gcc/arm-none-eabi/9.2.1/../../../arm-none-eabi/lib/thumb/v7e-m+fp/hard/libnosys.a(_exit.o)

.debug_aranges  0x0000000000000000     0x10a8
 .debug_aranges
                0x0000000000000000       0x20 sdram.o
 .debug_aranges
                0x0000000000000020       0x38 clock.o
 .debug_aranges
                0x0000000000000058       0x48 console.o
 .debug_aranges
                0x00000000000000a0       0x40 lcd-spi.o
 .debug_aranges
                0x00000000000000e0       0xf8 gfx.o
 .debug_aranges
                0x00000000000001d8       0x40 sismografo.o
 .debug_aranges
                0x0000000000000218       0x28 ./libopencm3//lib/libopencm3_stm32f4.a(fmc_common_f47.o)
 .debug_aranges
                0x0000000000000240       0x50 ./libopencm3//lib/libopencm3_stm32f4.a(gpio_common_all.o)
 .debug_aranges
                0x0000000000000290       0x30 ./libopencm3//lib/libopencm3_stm32f4.a(gpio_common_f0234.o)
 .debug_aranges
                0x00000000000002c0       0x60 ./libopencm3//lib/libopencm3_stm32f4.a(rcc_common_all.o)
 .debug_aranges
                0x0000000000000320      0x110 ./libopencm3//lib/libopencm3_stm32f4.a(rcc.o)
 .debug_aranges
                0x0000000000000430      0x170 ./libopencm3//lib/libopencm3_stm32f4.a(spi_common_all.o)
 .debug_aranges
                0x00000000000005a0       0x30 ./libopencm3//lib/libopencm3_stm32f4.a(spi_common_v1.o)
 .debug_aranges
                0x00000000000005d0       0xf0 ./libopencm3//lib/libopencm3_stm32f4.a(usart_common_all.o)
 .debug_aranges
                0x00000000000006c0       0x30 ./libopencm3//lib/libopencm3_stm32f4.a(vector.o)
 .debug_aranges
                0x00000000000006f0       0x78 ./libopencm3//lib/libopencm3_stm32f4.a(systick.o)
 .debug_aranges
                0x0000000000000768       0x30 ./libopencm3//lib/libopencm3_stm32f4.a(scb.o)
 .debug_aranges
                0x0000000000000798       0x60 ./libopencm3//lib/libopencm3_stm32f4.a(nvic.o)
 .debug_aranges
                0x00000000000007f8       0x38 ./libopencm3//lib/libopencm3_stm32f4.a(flash_common_all.o)
 .debug_aranges
                0x0000000000000830       0x48 ./libopencm3//lib/libopencm3_stm32f4.a(flash_common_idcache.o)
 .debug_aranges
                0x0000000000000878       0x20 ./libopencm3//lib/libopencm3_stm32f4.a(pwr.o)
 .debug_aranges
                0x0000000000000898       0x20 /usr/lib/gcc/arm-none-eabi/9.2.1/../../../arm-none-eabi/lib/thumb/v7e-m+fp/hard/libc.a(lib_a-sprintf.o)
 .debug_aranges
                0x00000000000008b8       0x20 /usr/lib/gcc/arm-none-eabi/9.2.1/../../../arm-none-eabi/lib/thumb/v7e-m+fp/hard/libc.a(lib_a-svfprintf.o)
 .debug_aranges
                0x00000000000008d8       0x20 /usr/lib/gcc/arm-none-eabi/9.2.1/../../../arm-none-eabi/lib/thumb/v7e-m+fp/hard/libc.a(lib_a-dtoa.o)
 .debug_aranges
                0x00000000000008f8       0x18 /usr/lib/gcc/arm-none-eabi/9.2.1/../../../arm-none-eabi/lib/thumb/v7e-m+fp/hard/libc.a(lib_a-impure.o)
 .debug_aranges
                0x0000000000000910       0x20 /usr/lib/gcc/arm-none-eabi/9.2.1/../../../arm-none-eabi/lib/thumb/v7e-m+fp/hard/libc.a(lib_a-localeconv.o)
 .debug_aranges
                0x0000000000000930       0x20 /usr/lib/gcc/arm-none-eabi/9.2.1/../../../arm-none-eabi/lib/thumb/v7e-m+fp/hard/libc.a(lib_a-mallocr.o)
 .debug_aranges
                0x0000000000000950       0x20 /usr/lib/gcc/arm-none-eabi/9.2.1/../../../arm-none-eabi/lib/thumb/v7e-m+fp/hard/libc.a(lib_a-memchr.o)
 .debug_aranges
                0x0000000000000970       0x20 /usr/lib/gcc/arm-none-eabi/9.2.1/../../../arm-none-eabi/lib/thumb/v7e-m+fp/hard/libc.a(lib_a-memcpy.o)
 .debug_aranges
                0x0000000000000990       0x20 /usr/lib/gcc/arm-none-eabi/9.2.1/../../../arm-none-eabi/lib/thumb/v7e-m+fp/hard/libc.a(lib_a-mlock.o)
 .debug_aranges
                0x00000000000009b0       0x20 /usr/lib/gcc/arm-none-eabi/9.2.1/../../../arm-none-eabi/lib/thumb/v7e-m+fp/hard/libc.a(lib_a-mprec.o)
 .debug_aranges
                0x00000000000009d0       0x20 /usr/lib/gcc/arm-none-eabi/9.2.1/../../../arm-none-eabi/lib/thumb/v7e-m+fp/hard/libc.a(lib_a-sbrkr.o)
 .debug_aranges
                0x00000000000009f0       0x20 /usr/lib/gcc/arm-none-eabi/9.2.1/../../../arm-none-eabi/lib/thumb/v7e-m+fp/hard/libc.a(lib_a-strlen.o)
 .debug_aranges
                0x0000000000000a10       0x20 /usr/lib/gcc/arm-none-eabi/9.2.1/../../../arm-none-eabi/lib/thumb/v7e-m+fp/hard/libc.a(lib_a-svfiprintf.o)
 .debug_aranges
                0x0000000000000a30       0x20 /usr/lib/gcc/arm-none-eabi/9.2.1/../../../arm-none-eabi/lib/thumb/v7e-m+fp/hard/libc.a(lib_a-assert.o)
 .debug_aranges
                0x0000000000000a50       0x20 /usr/lib/gcc/arm-none-eabi/9.2.1/../../../arm-none-eabi/lib/thumb/v7e-m+fp/hard/libc.a(lib_a-callocr.o)
 .debug_aranges
                0x0000000000000a70       0x20 /usr/lib/gcc/arm-none-eabi/9.2.1/../../../arm-none-eabi/lib/thumb/v7e-m+fp/hard/libc.a(lib_a-fiprintf.o)
 .debug_aranges
                0x0000000000000a90       0x20 /usr/lib/gcc/arm-none-eabi/9.2.1/../../../arm-none-eabi/lib/thumb/v7e-m+fp/hard/libc.a(lib_a-freer.o)
 .debug_aranges
                0x0000000000000ab0       0x20 /usr/lib/gcc/arm-none-eabi/9.2.1/../../../arm-none-eabi/lib/thumb/v7e-m+fp/hard/libc.a(lib_a-locale.o)
 .debug_aranges
                0x0000000000000ad0       0x20 /usr/lib/gcc/arm-none-eabi/9.2.1/../../../arm-none-eabi/lib/thumb/v7e-m+fp/hard/libc.a(lib_a-mbtowc_r.o)
 .debug_aranges
                0x0000000000000af0       0x20 /usr/lib/gcc/arm-none-eabi/9.2.1/../../../arm-none-eabi/lib/thumb/v7e-m+fp/hard/libc.a(lib_a-memmove.o)
 .debug_aranges
                0x0000000000000b10       0x20 /usr/lib/gcc/arm-none-eabi/9.2.1/../../../arm-none-eabi/lib/thumb/v7e-m+fp/hard/libc.a(lib_a-memset.o)
 .debug_aranges
                0x0000000000000b30       0x20 /usr/lib/gcc/arm-none-eabi/9.2.1/../../../arm-none-eabi/lib/thumb/v7e-m+fp/hard/libc.a(lib_a-reallocr.o)
 .debug_aranges
                0x0000000000000b50       0x20 /usr/lib/gcc/arm-none-eabi/9.2.1/../../../arm-none-eabi/lib/thumb/v7e-m+fp/hard/libc.a(lib_a-reent.o)
 .debug_aranges
                0x0000000000000b70       0x20 /usr/lib/gcc/arm-none-eabi/9.2.1/../../../arm-none-eabi/lib/thumb/v7e-m+fp/hard/libc.a(lib_a-strcmp.o)
 .debug_aranges
                0x0000000000000b90       0x20 /usr/lib/gcc/arm-none-eabi/9.2.1/../../../arm-none-eabi/lib/thumb/v7e-m+fp/hard/libc.a(lib_a-vfiprintf.o)
 .debug_aranges
                0x0000000000000bb0       0x20 /usr/lib/gcc/arm-none-eabi/9.2.1/../../../arm-none-eabi/lib/thumb/v7e-m+fp/hard/libc.a(lib_a-wctomb_r.o)
 .debug_aranges
                0x0000000000000bd0       0x20 /usr/lib/gcc/arm-none-eabi/9.2.1/../../../arm-none-eabi/lib/thumb/v7e-m+fp/hard/libc.a(lib_a-wsetup.o)
 .debug_aranges
                0x0000000000000bf0       0x20 /usr/lib/gcc/arm-none-eabi/9.2.1/../../../arm-none-eabi/lib/thumb/v7e-m+fp/hard/libc.a(lib_a-abort.o)
 .debug_aranges
                0x0000000000000c10       0x18 /usr/lib/gcc/arm-none-eabi/9.2.1/../../../arm-none-eabi/lib/thumb/v7e-m+fp/hard/libc.a(lib_a-ctype_.o)
 .debug_aranges
                0x0000000000000c28       0x20 /usr/lib/gcc/arm-none-eabi/9.2.1/../../../arm-none-eabi/lib/thumb/v7e-m+fp/hard/libc.a(lib_a-fflush.o)
 .debug_aranges
                0x0000000000000c48       0x20 /usr/lib/gcc/arm-none-eabi/9.2.1/../../../arm-none-eabi/lib/thumb/v7e-m+fp/hard/libc.a(lib_a-findfp.o)
 .debug_aranges
                0x0000000000000c68       0x20 /usr/lib/gcc/arm-none-eabi/9.2.1/../../../arm-none-eabi/lib/thumb/v7e-m+fp/hard/libc.a(lib_a-fputwc.o)
 .debug_aranges
                0x0000000000000c88       0x20 /usr/lib/gcc/arm-none-eabi/9.2.1/../../../arm-none-eabi/lib/thumb/v7e-m+fp/hard/libc.a(lib_a-fvwrite.o)
 .debug_aranges
                0x0000000000000ca8       0x20 /usr/lib/gcc/arm-none-eabi/9.2.1/../../../arm-none-eabi/lib/thumb/v7e-m+fp/hard/libc.a(lib_a-fwalk.o)
 .debug_aranges
                0x0000000000000cc8       0x20 /usr/lib/gcc/arm-none-eabi/9.2.1/../../../arm-none-eabi/lib/thumb/v7e-m+fp/hard/libc.a(lib_a-makebuf.o)
 .debug_aranges
                0x0000000000000ce8       0x20 /usr/lib/gcc/arm-none-eabi/9.2.1/../../../arm-none-eabi/lib/thumb/v7e-m+fp/hard/libc.a(lib_a-signal.o)
 .debug_aranges
                0x0000000000000d08       0x20 /usr/lib/gcc/arm-none-eabi/9.2.1/../../../arm-none-eabi/lib/thumb/v7e-m+fp/hard/libc.a(lib_a-signalr.o)
 .debug_aranges
                0x0000000000000d28       0x20 /usr/lib/gcc/arm-none-eabi/9.2.1/../../../arm-none-eabi/lib/thumb/v7e-m+fp/hard/libc.a(lib_a-stdio.o)
 .debug_aranges
                0x0000000000000d48       0x20 /usr/lib/gcc/arm-none-eabi/9.2.1/../../../arm-none-eabi/lib/thumb/v7e-m+fp/hard/libc.a(lib_a-wbuf.o)
 .debug_aranges
                0x0000000000000d68       0x20 /usr/lib/gcc/arm-none-eabi/9.2.1/../../../arm-none-eabi/lib/thumb/v7e-m+fp/hard/libc.a(lib_a-wcrtomb.o)
 .debug_aranges
                0x0000000000000d88       0x20 /usr/lib/gcc/arm-none-eabi/9.2.1/../../../arm-none-eabi/lib/thumb/v7e-m+fp/hard/libc.a(lib_a-writer.o)
 .debug_aranges
                0x0000000000000da8       0x20 /usr/lib/gcc/arm-none-eabi/9.2.1/../../../arm-none-eabi/lib/thumb/v7e-m+fp/hard/libc.a(lib_a-closer.o)
 .debug_aranges
                0x0000000000000dc8       0x20 /usr/lib/gcc/arm-none-eabi/9.2.1/../../../arm-none-eabi/lib/thumb/v7e-m+fp/hard/libc.a(lib_a-fclose.o)
 .debug_aranges
                0x0000000000000de8       0x20 /usr/lib/gcc/arm-none-eabi/9.2.1/../../../arm-none-eabi/lib/thumb/v7e-m+fp/hard/libc.a(lib_a-fstatr.o)
 .debug_aranges
                0x0000000000000e08       0x20 /usr/lib/gcc/arm-none-eabi/9.2.1/../../../arm-none-eabi/lib/thumb/v7e-m+fp/hard/libc.a(lib_a-isattyr.o)
 .debug_aranges
                0x0000000000000e28       0x20 /usr/lib/gcc/arm-none-eabi/9.2.1/../../../arm-none-eabi/lib/thumb/v7e-m+fp/hard/libc.a(lib_a-lseekr.o)
 .debug_aranges
                0x0000000000000e48       0x20 /usr/lib/gcc/arm-none-eabi/9.2.1/../../../arm-none-eabi/lib/thumb/v7e-m+fp/hard/libc.a(lib_a-readr.o)
 .debug_aranges
                0x0000000000000e68       0x20 /usr/lib/gcc/arm-none-eabi/9.2.1/thumb/v7e-m+fp/hard/libgcc.a(_arm_addsubdf3.o)
 .debug_aranges
                0x0000000000000e88       0x20 /usr/lib/gcc/arm-none-eabi/9.2.1/thumb/v7e-m+fp/hard/libgcc.a(_arm_muldivdf3.o)
 .debug_aranges
                0x0000000000000ea8       0x20 /usr/lib/gcc/arm-none-eabi/9.2.1/thumb/v7e-m+fp/hard/libgcc.a(_arm_cmpdf2.o)
 .debug_aranges
                0x0000000000000ec8       0x20 /usr/lib/gcc/arm-none-eabi/9.2.1/thumb/v7e-m+fp/hard/libgcc.a(_arm_unorddf2.o)
 .debug_aranges
                0x0000000000000ee8       0x20 /usr/lib/gcc/arm-none-eabi/9.2.1/thumb/v7e-m+fp/hard/libgcc.a(_arm_fixdfsi.o)
 .debug_aranges
                0x0000000000000f08       0x20 /usr/lib/gcc/arm-none-eabi/9.2.1/thumb/v7e-m+fp/hard/libgcc.a(_aeabi_uldivmod.o)
 .debug_aranges
                0x0000000000000f28       0x20 /usr/lib/gcc/arm-none-eabi/9.2.1/thumb/v7e-m+fp/hard/libgcc.a(_udivmoddi4.o)
 .debug_aranges
                0x0000000000000f48       0x20 /usr/lib/gcc/arm-none-eabi/9.2.1/thumb/v7e-m+fp/hard/libgcc.a(_dvmd_tls.o)
 .debug_aranges
                0x0000000000000f68       0x20 /usr/lib/gcc/arm-none-eabi/9.2.1/../../../arm-none-eabi/lib/thumb/v7e-m+fp/hard/libnosys.a(close.o)