Archive member included to satisfy reference by file (symbol)

./libopencm3//lib/libopencm3_stm32f4.a(fmc_common_f47.o)
                              sdram.o (sdram_timing)
./libopencm3//lib/libopencm3_stm32f4.a(gpio_common_all.o)
                              lcd-spi.o (gpio_set)
./libopencm3//lib/libopencm3_stm32f4.a(gpio_common_f0234.o)
                              sdram.o (gpio_mode_setup)
./libopencm3//lib/libopencm3_stm32f4.a(rcc_common_all.o)
                              sdram.o (rcc_periph_clock_enable)
./libopencm3//lib/libopencm3_stm32f4.a(rcc.o)
                              clock.o (rcc_clock_setup_pll)
./libopencm3//lib/libopencm3_stm32f4.a(spi_common_all.o)
                              lcd-spi.o (spi_enable)
./libopencm3//lib/libopencm3_stm32f4.a(spi_common_v1.o)
                              lcd-spi.o (spi_init_master)
./libopencm3//lib/libopencm3_stm32f4.a(usart_common_all.o)
                              console.o (usart_set_baudrate)
./libopencm3//lib/libopencm3_stm32f4.a(usart_common_f124.o)
                              ./libopencm3//lib/libopencm3_stm32f4.a(usart_common_all.o) (usart_send)
./libopencm3//lib/libopencm3_stm32f4.a(vector.o)
                              (reset_handler)
./libopencm3//lib/libopencm3_stm32f4.a(systick.o)
                              clock.o (systick_set_reload)
./libopencm3//lib/libopencm3_stm32f4.a(scb.o)
                              console.o (scb_reset_system)
./libopencm3//lib/libopencm3_stm32f4.a(nvic.o)
                              console.o (nvic_enable_irq)
./libopencm3//lib/libopencm3_stm32f4.a(flash_common_all.o)
                              ./libopencm3//lib/libopencm3_stm32f4.a(rcc.o) (flash_set_ws)
./libopencm3//lib/libopencm3_stm32f4.a(flash_common_idcache.o)
                              ./libopencm3//lib/libopencm3_stm32f4.a(rcc.o) (flash_dcache_enable)
./libopencm3//lib/libopencm3_stm32f4.a(pwr.o)
                              ./libopencm3//lib/libopencm3_stm32f4.a(rcc.o) (pwr_set_vos_scale)

Discarded input sections

 .group         0x0000000000000000        0xc sdram.o
 .group         0x0000000000000000        0xc sdram.o
 .group         0x0000000000000000        0xc sdram.o
 .group         0x0000000000000000        0xc sdram.o
 .group         0x0000000000000000        0xc sdram.o
 .group         0x0000000000000000        0xc sdram.o
 .group         0x0000000000000000        0xc sdram.o
 .group         0x0000000000000000        0xc sdram.o
 .group         0x0000000000000000        0xc sdram.o
 .group         0x0000000000000000        0xc sdram.o
 .group         0x0000000000000000        0xc sdram.o
 .group         0x0000000000000000        0xc sdram.o
 .group         0x0000000000000000        0xc sdram.o
 .group         0x0000000000000000        0xc sdram.o
 .group         0x0000000000000000        0xc sdram.o
 .group         0x0000000000000000        0xc sdram.o
 .text          0x0000000000000000        0x0 sdram.o
 .data          0x0000000000000000        0x0 sdram.o
 .bss           0x0000000000000000        0x0 sdram.o
 .text.sdram_init
                0x0000000000000000       0xf0 sdram.o
 .data.timing   0x0000000000000000       0x1c sdram.o
 .rodata.sdram_pins
                0x0000000000000000       0x30 sdram.o
 .debug_info    0x0000000000000000      0x87e sdram.o
 .debug_abbrev  0x0000000000000000      0x16b sdram.o
 .debug_loc     0x0000000000000000       0xdb sdram.o
 .debug_aranges
                0x0000000000000000       0x20 sdram.o
 .debug_ranges  0x0000000000000000       0x10 sdram.o
 .debug_macro   0x0000000000000000       0xf7 sdram.o
 .debug_macro   0x0000000000000000      0xa72 sdram.o
 .debug_macro   0x0000000000000000      0x34e sdram.o
 .debug_macro   0x0000000000000000       0x1c sdram.o
 .debug_macro   0x0000000000000000       0x22 sdram.o
 .debug_macro   0x0000000000000000       0xe8 sdram.o
 .debug_macro   0x0000000000000000       0x76 sdram.o
 .debug_macro   0x0000000000000000      0x280 sdram.o
 .debug_macro   0x0000000000000000       0x76 sdram.o
 .debug_macro   0x0000000000000000      0x37e sdram.o
 .debug_macro   0x0000000000000000       0xca sdram.o
 .debug_macro   0x0000000000000000       0x8e sdram.o
 .debug_macro   0x0000000000000000       0x46 sdram.o
 .debug_macro   0x0000000000000000      0xcea sdram.o
 .debug_macro   0x0000000000000000      0x285 sdram.o
 .debug_macro   0x0000000000000000      0x2b3 sdram.o
 .debug_macro   0x0000000000000000       0x16 sdram.o
 .debug_line    0x0000000000000000      0x2ee sdram.o
 .debug_str     0x0000000000000000     0xbf99 sdram.o
 .comment       0x0000000000000000       0x34 sdram.o
 .debug_frame   0x0000000000000000       0x30 sdram.o
 .ARM.attributes
                0x0000000000000000       0x34 sdram.o
 .group         0x0000000000000000        0xc clock.o
 .group         0x0000000000000000        0xc clock.o
 .group         0x0000000000000000        0xc clock.o
 .group         0x0000000000000000        0xc clock.o
[...]
Memory Configuration

Name             Origin             Length             Attributes
rom              0x0000000008000000 0x0000000000200000 xr
ccm              0x0000000010000000 0x0000000000010000 xrw
ram              0x0000000020000000 0x0000000000030000 xrw
*default*        0x0000000000000000 0xffffffffffffffff

Linker script and memory map

LOAD sdram.o
LOAD clock.o
LOAD console.o
LOAD lcd-spi.o
LOAD gfx.o
LOAD sismografo.o
LOAD /usr/lib/gcc/arm-none-eabi/10.3.1/../../../arm-none-eabi/lib/thumb/v7e-m+fp/hard/libm.a
LOAD ./libopencm3//lib/libopencm3_stm32f4.a
START GROUP
LOAD /usr/lib/gcc/arm-none-eabi/10.3.1/../../../arm-none-eabi/lib/thumb/v7e-m+fp/hard/libc.a
LOAD /usr/lib/gcc/arm-none-eabi/10.3.1/thumb/v7e-m+fp/hard/libgcc.a
LOAD /usr/lib/gcc/arm-none-eabi/10.3.1/../../../arm-none-eabi/lib/thumb/v7e-m+fp/hard/libnosys.a
END GROUP
START GROUP
LOAD /usr/lib/gcc/arm-none-eabi/10.3.1/thumb/v7e-m+fp/hard/libgcc.a
LOAD /usr/lib/gcc/arm-none-eabi/10.3.1/../../../arm-none-eabi/lib/thumb/v7e-m+fp/hard/libg.a
LOAD /usr/lib/gcc/arm-none-eabi/10.3.1/../../../arm-none-eabi/lib/thumb/v7e-m+fp/hard/libc.a
END GROUP

.text           0x0000000008000000      0x2c4
 *(.vectors)
 .vectors       0x0000000008000000      0x1ac ./libopencm3//lib/libopencm3_stm32f4.a(vector.o)
                0x0000000008000000                vector_table
 *(.text*)
 .text.sys_tick_handler
                0x00000000080001ac       0x10 clock.o
                0x00000000080001ac                sys_tick_handler
 .text.usart1_isr
                0x00000000080001bc       0x50 console.o
                0x00000000080001bc                usart1_isr
 .text.startup.main
                0x000000000800020c        0x4 sismografo.o
                0x000000000800020c                main
 .text.blocking_handler
                0x0000000008000210        0x2 ./libopencm3//lib/libopencm3_stm32f4.a(vector.o)
                0x0000000008000210                dma2_stream1_isr
                0x0000000008000210                tim8_brk_tim12_isr
                0x0000000008000210                dma1_stream7_isr
                0x0000000008000210                usart3_isr
                0x0000000008000210                tim7_isr
                0x0000000008000210                dma2d_isr
                0x0000000008000210                uart8_isr
                0x0000000008000210                dma1_stream2_isr
                0x0000000008000210                otg_hs_isr
                0x0000000008000210                blocking_handler
                0x0000000008000210                tim5_isr
                0x0000000008000210                rtc_wkup_isr
                0x0000000008000210                otg_fs_isr
                0x0000000008000210                spi1_isr
                0x0000000008000210                i2c3_er_isr
                0x0000000008000210                exti2_isr
                0x0000000008000210                spi5_isr
                0x0000000008000210                usb_fs_wkup_isr
                0x0000000008000210                tamp_stamp_isr
                0x0000000008000210                can1_rx1_isr
                0x0000000008000210                dma2_stream0_isr
                0x0000000008000210                i2c3_ev_isr
                0x0000000008000210                usage_fault_handler
                0x0000000008000210                can2_rx0_isr
                0x0000000008000210                dma1_stream6_isr
                0x0000000008000210                can2_rx1_isr
                0x0000000008000210                can1_sce_isr
                0x0000000008000210                tim1_cc_isr
                0x0000000008000210                can1_tx_isr
                0x0000000008000210                tim1_up_tim10_isr
                0x0000000008000210                sdio_isr
                0x0000000008000210                eth_isr
                0x0000000008000210                spi6_isr
                0x0000000008000210                dma2_stream5_isr
                0x0000000008000210                pvd_isr
                0x0000000008000210                can1_rx0_isr
                0x0000000008000210                rcc_isr
                0x0000000008000210                dma2_stream3_isr
                0x0000000008000210                flash_isr
                0x0000000008000210                uart4_isr
                0x0000000008000210                lcd_tft_isr
                0x0000000008000210                rtc_alarm_isr
                0x0000000008000210                exti15_10_isr
                0x0000000008000210                hash_rng_isr
                0x0000000008000210                tim1_trg_com_tim11_isr
                0x0000000008000210                hard_fault_handler
                0x0000000008000210                exti1_isr
                0x0000000008000210                i2c1_ev_isr
                0x0000000008000210                usart6_isr
                0x0000000008000210                spi2_isr
                0x0000000008000210                cryp_isr
                0x0000000008000210                nvic_wwdg_isr
                0x0000000008000210                dma1_stream1_isr
                0x0000000008000210                dma2_stream4_isr
                0x0000000008000210                exti3_isr
                0x0000000008000210                tim3_isr
                0x0000000008000210                usart2_isr
                0x0000000008000210                sai1_isr
                0x0000000008000210                fpu_isr
                0x0000000008000210                dma1_stream4_isr
                0x0000000008000210                i2c2_er_isr
                0x0000000008000210                i2c2_ev_isr
                0x0000000008000210                uart5_isr
                0x0000000008000210                dma2_stream6_isr
                0x0000000008000210                spi4_isr
                0x0000000008000210                adc_isr
                0x0000000008000210                dma2_stream7_isr
                0x0000000008000210                tim8_up_tim13_isr
                0x0000000008000210                fsmc_isr
                0x0000000008000210                exti4_isr
                0x0000000008000210                tim6_dac_isr
                0x0000000008000210                dma1_stream3_isr
                0x0000000008000210                tim8_trg_com_tim14_isr
                0x0000000008000210                mem_manage_handler
                0x0000000008000210                lcd_tft_err_isr
                0x0000000008000210                can2_tx_isr
                0x0000000008000210                exti9_5_isr
                0x0000000008000210                tim1_brk_tim9_isr
                0x0000000008000210                uart7_isr
                0x0000000008000210                can2_sce_isr
                0x0000000008000210                tim4_isr
                0x0000000008000210                otg_hs_wkup_isr
                0x0000000008000210                i2c1_er_isr
                0x0000000008000210                dma1_stream0_isr
                0x0000000008000210                tim8_cc_isr
                0x0000000008000210                dcmi_isr
                0x0000000008000210                dma2_stream2_isr
                0x0000000008000210                eth_wkup_isr
                0x0000000008000210                bus_fault_handler
                0x0000000008000210                otg_hs_ep1_out_isr
                0x0000000008000210                spi3_isr
                0x0000000008000210                dma1_stream5_isr
                0x0000000008000210                otg_hs_ep1_in_isr
                0x0000000008000210                tim2_isr
                0x0000000008000210                exti0_isr
 .text.null_handler
                0x0000000008000212        0x2 ./libopencm3//lib/libopencm3_stm32f4.a(vector.o)
                0x0000000008000212                null_handler
                0x0000000008000212                sv_call_handler
                0x0000000008000212                pend_sv_handler
                0x0000000008000212                debug_monitor_handler
                0x0000000008000212                nmi_handler
 .text.reset_handler
                0x0000000008000214       0xa0 ./libopencm3//lib/libopencm3_stm32f4.a(vector.o)
                0x0000000008000214                reset_handler
 .text.scb_reset_system
                0x00000000080002b4       0x10 ./libopencm3//lib/libopencm3_stm32f4.a(scb.o)
                0x00000000080002b4                scb_reset_system
                0x00000000080002c4                . = ALIGN (0x4)
 *(.rodata*)
                0x00000000080002c4                . = ALIGN (0x4)

.glue_7         0x00000000080002c4        0x0
 .glue_7        0x00000000080002c4        0x0 linker stubs

.glue_7t        0x00000000080002c4        0x0
 .glue_7t       0x00000000080002c4        0x0 linker stubs

.vfp11_veneer   0x00000000080002c4        0x0
 .vfp11_veneer  0x00000000080002c4        0x0 linker stubs

.v4_bx          0x00000000080002c4        0x0
 .v4_bx         0x00000000080002c4        0x0 linker stubs

.iplt           0x00000000080002c4        0x0
 .iplt          0x00000000080002c4        0x0 clock.o

.rel.dyn        0x00000000080002c4        0x0
 .rel.iplt      0x00000000080002c4        0x0 clock.o

.preinit_array  0x00000000080002c4        0x0
                0x00000000080002c4                . = ALIGN (0x4)
                0x00000000080002c4                __preinit_array_start = .
 *(.preinit_array)
                0x00000000080002c4                __preinit_array_end = .

.init_array     0x00000000080002c4        0x0
                0x00000000080002c4                . = ALIGN (0x4)
                0x00000000080002c4                __init_array_start = .
 *(SORT_BY_NAME(.init_array.*))
 *(.init_array)
                0x00000000080002c4                __init_array_end = .

.fini_array     0x00000000080002c4        0x0
                0x00000000080002c4                . = ALIGN (0x4)
                0x00000000080002c4                __fini_array_start = .
 *(.fini_array)
 *(SORT_BY_NAME(.fini_array.*))
                0x00000000080002c4                __fini_array_end = .

.ARM.extab
 *(.ARM.extab*)

.ARM.exidx      0x00000000080002c4        0x0
                0x00000000080002c4                __exidx_start = .
 *(.ARM.exidx*)
                0x00000000080002c4                __exidx_end = .
                0x00000000080002c4                . = ALIGN (0x4)
                0x00000000080002c4                _etext = .

.noinit
 *(.noinit*)
                0x00000000080002c4                . = ALIGN (0x4)

.data           0x0000000020000000        0x0 load address 0x00000000080002c4
                0x0000000020000000                _data = .
 *(.data*)
 *(.ramtext*)
                0x0000000020000000                . = ALIGN (0x4)
                0x0000000020000000                _edata = .
                0x00000000080002c4                _data_loadaddr = LOADADDR (.data)

.igot.plt       0x0000000020000000        0x0 load address 0x00000000080002c4
 .igot.plt      0x0000000020000000        0x0 clock.o

.bss            0x0000000020000000       0x8c load address 0x00000000080002c4
 *(.bss*)
 .bss.system_millis
                0x0000000020000000        0x4 clock.o
 .bss.recv_buf  0x0000000020000004       0x80 console.o
                0x0000000020000004                recv_buf
 .bss.recv_ndx_cur
                0x0000000020000084        0x4 console.o
                0x0000000020000084                recv_ndx_cur
 .bss.recv_ndx_nxt
                0x0000000020000088        0x4 console.o
                0x0000000020000088                recv_ndx_nxt
 *(COMMON)
                0x000000002000008c                . = ALIGN (0x4)
                0x000000002000008c                _ebss = .

/DISCARD/
 *(.eh_frame)
                0x000000002000008c                . = ALIGN (0x4)
                0x000000002000008c                end = .
                0x0000000020030000                PROVIDE (_stack = (ORIGIN (ram) + LENGTH (ram)))
OUTPUT(sismografo.elf elf32-littlearm)
LOAD linker stubs

.debug_info     0x0000000000000000     0x1088
 .debug_info    0x0000000000000000      0x2fc clock.o
 .debug_info    0x00000000000002fc      0x947 console.o
 .debug_info    0x0000000000000c43       0x8d sismografo.o
 .debug_info    0x0000000000000cd0      0x2e6 ./libopencm3//lib/libopencm3_stm32f4.a(vector.o)
 .debug_info    0x0000000000000fb6       0xd2 ./libopencm3//lib/libopencm3_stm32f4.a(scb.o)

.debug_abbrev   0x0000000000000000      0x5cb
 .debug_abbrev  0x0000000000000000      0x1a7 clock.o
 .debug_abbrev  0x00000000000001a7      0x1f7 console.o
 .debug_abbrev  0x000000000000039e       0x49 sismografo.o
 .debug_abbrev  0x00000000000003e7      0x15b ./libopencm3//lib/libopencm3_stm32f4.a(vector.o)
 .debug_abbrev  0x0000000000000542       0x89 ./libopencm3//lib/libopencm3_stm32f4.a(scb.o)

.debug_loc      0x0000000000000000      0x37a
 .debug_loc     0x0000000000000000       0x3a clock.o
 .debug_loc     0x000000000000003a      0x1f3 console.o
 .debug_loc     0x000000000000022d      0x128 ./libopencm3//lib/libopencm3_stm32f4.a(vector.o)
 .debug_loc     0x0000000000000355       0x25 ./libopencm3//lib/libopencm3_stm32f4.a(scb.o)

.debug_aranges  0x0000000000000000      0x100
 .debug_aranges
                0x0000000000000000       0x38 clock.o
 .debug_aranges
                0x0000000000000038       0x48 console.o
 .debug_aranges
                0x0000000000000080       0x20 sismografo.o
 .debug_aranges
                0x00000000000000a0       0x30 ./libopencm3//lib/libopencm3_stm32f4.a(vector.o)
 .debug_aranges
                0x00000000000000d0       0x30 ./libopencm3//lib/libopencm3_stm32f4.a(scb.o)

.debug_ranges   0x0000000000000000       0xb0
 .debug_ranges  0x0000000000000000       0x28 clock.o
 .debug_ranges  0x0000000000000028       0x38 console.o
 .debug_ranges  0x0000000000000060       0x10 sismografo.o
 .debug_ranges  0x0000000000000070       0x20 ./libopencm3//lib/libopencm3_stm32f4.a(vector.o)
 .debug_ranges  0x0000000000000090       0x20 ./libopencm3//lib/libopencm3_stm32f4.a(scb.o)

.debug_macro    0x0000000000000000     0x2670
 .debug_macro   0x0000000000000000       0xc1 clock.o
 .debug_macro   0x00000000000000c1       0x6e clock.o
 .debug_macro   0x000000000000012f      0x22c clock.o
 .debug_macro   0x000000000000035b       0x6f clock.o
 .debug_macro   0x00000000000003ca      0x1b6 console.o
 .debug_macro   0x0000000000000580       0x22 console.o
 .debug_macro   0x00000000000005a2       0x52 console.o
 .debug_macro   0x00000000000005f4       0x18 console.o
 .debug_macro   0x000000000000060c       0x5c console.o
 .debug_macro   0x0000000000000668       0x35 console.o
 .debug_macro   0x000000000000069d       0x34 console.o
 .debug_macro   0x00000000000006d1       0x94 console.o
 .debug_macro   0x0000000000000765      0x29e console.o
 .debug_macro   0x0000000000000a03       0xa0 console.o
 .debug_macro   0x0000000000000aa3       0x70 console.o
 .debug_macro   0x0000000000000b13      0x458 console.o
 .debug_macro   0x0000000000000f6b       0x1f console.o
 .debug_macro   0x0000000000000f8a       0x16 console.o
 .debug_macro   0x0000000000000fa0      0x233 sismografo.o
 .debug_macro   0x00000000000011d3       0x16 sismografo.o
 .debug_macro   0x00000000000011e9       0x97 sismografo.o
 .debug_macro   0x0000000000001280       0xf6 sismografo.o
 .debug_macro   0x0000000000001376       0x10 sismografo.o
 .debug_macro   0x0000000000001386       0x10 sismografo.o
 .debug_macro   0x0000000000001396       0x6a sismografo.o
 .debug_macro   0x0000000000001400       0xb2 sismografo.o
 .debug_macro   0x00000000000014b2       0x16 sismografo.o
 .debug_macro   0x00000000000014c8      0x129 sismografo.o
 .debug_macro   0x00000000000015f1       0x10 sismografo.o
 .debug_macro   0x0000000000001601      0x449 sismografo.o
 .debug_macro   0x0000000000001a4a      0x2d5 sismografo.o
 .debug_macro   0x0000000000001d1f      0x1be sismografo.o
 .debug_macro   0x0000000000001edd       0x8a ./libopencm3//lib/libopencm3_stm32f4.a(vector.o)
 .debug_macro   0x0000000000001f67      0x452 ./libopencm3//lib/libopencm3_stm32f4.a(vector.o)
 .debug_macro   0x00000000000023b9      0x123 ./libopencm3//lib/libopencm3_stm32f4.a(scb.o)
 .debug_macro   0x00000000000024dc      0x10e ./libopencm3//lib/libopencm3_stm32f4.a(scb.o)
 .debug_macro   0x00000000000025ea       0x86 ./libopencm3//lib/libopencm3_stm32f4.a(scb.o)

.debug_line     0x0000000000000000     0x1189
 .debug_line    0x0000000000000000      0x28f clock.o
 .debug_line    0x000000000000028f      0x5d6 console.o
 .debug_line    0x0000000000000865      0x3c1 sismografo.o
 .debug_line    0x0000000000000c26      0x322 ./libopencm3//lib/libopencm3_stm32f4.a(vector.o)
 .debug_line    0x0000000000000f48      0x241 ./libopencm3//lib/libopencm3_stm32f4.a(scb.o)

.debug_str      0x0000000000000000    0x14b5f
 .debug_str     0x0000000000000000     0x975a clock.o
                                       0x98d5 (size before relaxing)
 .debug_str     0x000000000000975a     0x4987 console.o
                                       0xdeb0 (size before relaxing)
 .debug_str     0x000000000000e0e1     0x5a46 sismografo.o
                                       0xfe1e (size before relaxing)
 .debug_str     0x0000000000013b27      0xf60 ./libopencm3//lib/libopencm3_stm32f4.a(vector.o)
                                       0x6a34 (size before relaxing)
 .debug_str     0x0000000000014a87       0xd8 ./libopencm3//lib/libopencm3_stm32f4.a(scb.o)
                                       0x7f8b (size before relaxing)

.comment        0x0000000000000000       0x33
 .comment       0x0000000000000000       0x33 clock.o
                                         0x34 (size before relaxing)
 .comment       0x0000000000000033       0x34 console.o
 .comment       0x0000000000000033       0x34 sismografo.o
 .comment       0x0000000000000033       0x34 ./libopencm3//lib/libopencm3_stm32f4.a(vector.o)
 .comment       0x0000000000000033       0x34 ./libopencm3//lib/libopencm3_stm32f4.a(scb.o)

.ARM.attributes
                0x0000000000000000       0x34
 .ARM.attributes
                0x0000000000000000       0x34 clock.o
 .ARM.attributes
                0x0000000000000034       0x34 console.o
 .ARM.attributes
                0x0000000000000068       0x34 sismografo.o
 .ARM.attributes
                0x000000000000009c       0x34 ./libopencm3//lib/libopencm3_stm32f4.a(vector.o)
 .ARM.attributes
                0x00000000000000d0       0x34 ./libopencm3//lib/libopencm3_stm32f4.a(scb.o)

.debug_frame    0x0000000000000000      0x1b8
 .debug_frame   0x0000000000000000       0x5c clock.o
 .debug_frame   0x000000000000005c       0xb0 console.o
 .debug_frame   0x000000000000010c       0x20 sismografo.o
 .debug_frame   0x000000000000012c       0x4c ./libopencm3//lib/libopencm3_stm32f4.a(vector.o)
 .debug_frame   0x0000000000000178       0x40 ./libopencm3//lib/libopencm3_stm32f4.a(scb.o)

Cross Reference Table

Symbol                                            File
__fini_array_end                                  ./libopencm3//lib/libopencm3_stm32f4.a(vector.o)
__fini_array_start                                ./libopencm3//lib/libopencm3_stm32f4.a(vector.o)
__gfx_state                                       gfx.o
__init_array_end                                  ./libopencm3//lib/libopencm3_stm32f4.a(vector.o)
__init_array_start                                ./libopencm3//lib/libopencm3_stm32f4.a(vector.o)
__preinit_array_end                               ./libopencm3//lib/libopencm3_stm32f4.a(vector.o)
__preinit_array_start                             ./libopencm3//lib/libopencm3_stm32f4.a(vector.o)
_data                                             ./libopencm3//lib/libopencm3_stm32f4.a(vector.o)
_data_loadaddr                                    ./libopencm3//lib/libopencm3_stm32f4.a(vector.o)
_ebss                                             ./libopencm3//lib/libopencm3_stm32f4.a(vector.o)
_edata                                            ./libopencm3//lib/libopencm3_stm32f4.a(vector.o)
_stack                                            ./libopencm3//lib/libopencm3_stm32f4.a(vector.o)
adc_isr                                           ./libopencm3//lib/libopencm3_stm32f4.a(vector.o)
blocking_handler                                  ./libopencm3//lib/libopencm3_stm32f4.a(vector.o)
bus_fault_handler                                 ./libopencm3//lib/libopencm3_stm32f4.a(vector.o)
can1_rx0_isr                                      ./libopencm3//lib/libopencm3_stm32f4.a(vector.o)
can1_rx1_isr                                      ./libopencm3//lib/libopencm3_stm32f4.a(vector.o)
can1_sce_isr                                      ./libopencm3//lib/libopencm3_stm32f4.a(vector.o)
can1_tx_isr                                       ./libopencm3//lib/libopencm3_stm32f4.a(vector.o)
can2_rx0_isr                                      ./libopencm3//lib/libopencm3_stm32f4.a(vector.o)
can2_rx1_isr                                      ./libopencm3//lib/libopencm3_stm32f4.a(vector.o)
can2_sce_isr                                      ./libopencm3//lib/libopencm3_stm32f4.a(vector.o)
can2_tx_isr                                       ./libopencm3//lib/libopencm3_stm32f4.a(vector.o)
clock_setup                                       clock.o
console_getc                                      console.o
console_gets                                      console.o
console_putc                                      console.o
                                                  lcd-spi.o
console_puts                                      console.o
                                                  lcd-spi.o
console_setup                                     console.o
cryp_isr                                          ./libopencm3//lib/libopencm3_stm32f4.a(vector.o)
cur_frame                                         lcd-spi.o
dcmi_isr                                          ./libopencm3//lib/libopencm3_stm32f4.a(vector.o)
debug_monitor_handler                             ./libopencm3//lib/libopencm3_stm32f4.a(vector.o)
display_frame                                     lcd-spi.o
dma1_stream0_isr                                  ./libopencm3//lib/libopencm3_stm32f4.a(vector.o)
dma1_stream1_isr                                  ./libopencm3//lib/libopencm3_stm32f4.a(vector.o)
dma1_stream2_isr                                  ./libopencm3//lib/libopencm3_stm32f4.a(vector.o)
dma1_stream3_isr                                  ./libopencm3//lib/libopencm3_stm32f4.a(vector.o)
dma1_stream4_isr                                  ./libopencm3//lib/libopencm3_stm32f4.a(vector.o)
dma1_stream5_isr                                  ./libopencm3//lib/libopencm3_stm32f4.a(vector.o)
dma1_stream6_isr                                  ./libopencm3//lib/libopencm3_stm32f4.a(vector.o)
dma1_stream7_isr                                  ./libopencm3//lib/libopencm3_stm32f4.a(vector.o)
dma2_stream0_isr                                  ./libopencm3//lib/libopencm3_stm32f4.a(vector.o)
dma2_stream1_isr                                  ./libopencm3//lib/libopencm3_stm32f4.a(vector.o)
dma2_stream2_isr                                  ./libopencm3//lib/libopencm3_stm32f4.a(vector.o)
dma2_stream3_isr                                  ./libopencm3//lib/libopencm3_stm32f4.a(vector.o)
dma2_stream4_isr                                  ./libopencm3//lib/libopencm3_stm32f4.a(vector.o)
dma2_stream5_isr                                  ./libopencm3//lib/libopencm3_stm32f4.a(vector.o)
dma2_stream6_isr                                  ./libopencm3//lib/libopencm3_stm32f4.a(vector.o)
dma2_stream7_isr                                  ./libopencm3//lib/libopencm3_stm32f4.a(vector.o)
dma2d_isr                                         ./libopencm3//lib/libopencm3_stm32f4.a(vector.o)
eth_isr                                           ./libopencm3//lib/libopencm3_stm32f4.a(vector.o)
eth_wkup_isr                                      ./libopencm3//lib/libopencm3_stm32f4.a(vector.o)
exti0_isr                                         ./libopencm3//lib/libopencm3_stm32f4.a(vector.o)
exti15_10_isr                                     ./libopencm3//lib/libopencm3_stm32f4.a(vector.o)
exti1_isr                                         ./libopencm3//lib/libopencm3_stm32f4.a(vector.o)
exti2_isr                                         ./libopencm3//lib/libopencm3_stm32f4.a(vector.o)
exti3_isr                                         ./libopencm3//lib/libopencm3_stm32f4.a(vector.o)
exti4_isr                                         ./libopencm3//lib/libopencm3_stm32f4.a(vector.o)
exti9_5_isr                                       ./libopencm3//lib/libopencm3_stm32f4.a(vector.o)
flash_dcache_disable                              ./libopencm3//lib/libopencm3_stm32f4.a(flash_common_idcache.o)
                                                  ./libopencm3//lib/libopencm3_stm32f4.a(rcc.o)
flash_dcache_enable                               ./libopencm3//lib/libopencm3_stm32f4.a(flash_common_idcache.o)
                                                  ./libopencm3//lib/libopencm3_stm32f4.a(rcc.o)
flash_dcache_reset                                ./libopencm3//lib/libopencm3_stm32f4.a(flash_common_idcache.o)
flash_icache_disable                              ./libopencm3//lib/libopencm3_stm32f4.a(flash_common_idcache.o)
                                                  ./libopencm3//lib/libopencm3_stm32f4.a(rcc.o)
flash_icache_enable                               ./libopencm3//lib/libopencm3_stm32f4.a(flash_common_idcache.o)
                                                  ./libopencm3//lib/libopencm3_stm32f4.a(rcc.o)
flash_icache_reset                                ./libopencm3//lib/libopencm3_stm32f4.a(flash_common_idcache.o)
flash_isr                                         ./libopencm3//lib/libopencm3_stm32f4.a(vector.o)
flash_prefetch_disable                            ./libopencm3//lib/libopencm3_stm32f4.a(flash_common_all.o)
flash_prefetch_enable                             ./libopencm3//lib/libopencm3_stm32f4.a(flash_common_all.o)
flash_set_ws                                      ./libopencm3//lib/libopencm3_stm32f4.a(flash_common_all.o)
                                                  ./libopencm3//lib/libopencm3_stm32f4.a(rcc.o)
flash_unlock_option_bytes                         ./libopencm3//lib/libopencm3_stm32f4.a(flash_common_all.o)
fpu_isr                                           ./libopencm3//lib/libopencm3_stm32f4.a(vector.o)
fsmc_isr                                          ./libopencm3//lib/libopencm3_stm32f4.a(vector.o)
gfx_drawBitmap                                    gfx.o
gfx_drawChar                                      gfx.o
gfx_drawCircle                                    gfx.o
gfx_drawCircleHelper                              gfx.o
gfx_drawFastHLine                                 gfx.o
gfx_drawFastVLine                                 gfx.o
gfx_drawLine                                      gfx.o
gfx_drawPixel                                     gfx.o
gfx_drawRect                                      gfx.o
gfx_drawRoundRect                                 gfx.o
gfx_drawTriangle                                  gfx.o
gfx_fillCircle                                    gfx.o
gfx_fillCircleHelper                              gfx.o
gfx_fillRect                                      gfx.o
gfx_fillRoundRect                                 gfx.o
gfx_fillScreen                                    gfx.o
gfx_fillTriangle                                  gfx.o
gfx_getRotation                                   gfx.o
gfx_height                                        gfx.o
gfx_init                                          gfx.o
gfx_puts                                          gfx.o
gfx_setCursor                                     gfx.o
gfx_setRotation                                   gfx.o
gfx_setTextColor                                  gfx.o
gfx_setTextSize                                   gfx.o
gfx_setTextWrap                                   gfx.o
gfx_width                                         gfx.o
gfx_write                                         gfx.o
gpio_clear                                        ./libopencm3//lib/libopencm3_stm32f4.a(gpio_common_all.o)
                                                  lcd-spi.o
gpio_get                                          ./libopencm3//lib/libopencm3_stm32f4.a(gpio_common_all.o)
gpio_mode_setup                                   ./libopencm3//lib/libopencm3_stm32f4.a(gpio_common_f0234.o)
                                                  lcd-spi.o
                                                  console.o
                                                  sdram.o
gpio_port_config_lock                             ./libopencm3//lib/libopencm3_stm32f4.a(gpio_common_all.o)
gpio_port_read                                    ./libopencm3//lib/libopencm3_stm32f4.a(gpio_common_all.o)
gpio_port_write                                   ./libopencm3//lib/libopencm3_stm32f4.a(gpio_common_all.o)
gpio_set                                          ./libopencm3//lib/libopencm3_stm32f4.a(gpio_common_all.o)
                                                  lcd-spi.o
gpio_set_af                                       ./libopencm3//lib/libopencm3_stm32f4.a(gpio_common_f0234.o)
                                                  lcd-spi.o
                                                  console.o
                                                  sdram.o
gpio_set_output_options                           ./libopencm3//lib/libopencm3_stm32f4.a(gpio_common_f0234.o)
                                                  sdram.o
gpio_toggle                                       ./libopencm3//lib/libopencm3_stm32f4.a(gpio_common_all.o)
hard_fault_handler                                ./libopencm3//lib/libopencm3_stm32f4.a(vector.o)
hash_rng_isr                                      ./libopencm3//lib/libopencm3_stm32f4.a(vector.o)
i2c1_er_isr                                       ./libopencm3//lib/libopencm3_stm32f4.a(vector.o)
i2c1_ev_isr                                       ./libopencm3//lib/libopencm3_stm32f4.a(vector.o)
i2c2_er_isr                                       ./libopencm3//lib/libopencm3_stm32f4.a(vector.o)
i2c2_ev_isr                                       ./libopencm3//lib/libopencm3_stm32f4.a(vector.o)
i2c3_er_isr                                       ./libopencm3//lib/libopencm3_stm32f4.a(vector.o)
i2c3_ev_isr                                       ./libopencm3//lib/libopencm3_stm32f4.a(vector.o)
initialization                                    lcd-spi.o
lcd_draw_pixel                                    lcd-spi.o
lcd_show_frame                                    lcd-spi.o
lcd_spi_init                                      lcd-spi.o
lcd_tft_err_isr                                   ./libopencm3//lib/libopencm3_stm32f4.a(vector.o)
lcd_tft_isr                                       ./libopencm3//lib/libopencm3_stm32f4.a(vector.o)
main                                              sismografo.o
                                                  ./libopencm3//lib/libopencm3_stm32f4.a(vector.o)
mem_manage_handler                                ./libopencm3//lib/libopencm3_stm32f4.a(vector.o)
msleep                                            clock.o
                                                  lcd-spi.o
                                                  sdram.o
mtime                                             clock.o
nmi_handler                                       ./libopencm3//lib/libopencm3_stm32f4.a(vector.o)
null_handler                                      ./libopencm3//lib/libopencm3_stm32f4.a(vector.o)
nvic_clear_pending_irq                            ./libopencm3//lib/libopencm3_stm32f4.a(nvic.o)
nvic_disable_irq                                  ./libopencm3//lib/libopencm3_stm32f4.a(nvic.o)
nvic_enable_irq                                   ./libopencm3//lib/libopencm3_stm32f4.a(nvic.o)
                                                  console.o
nvic_generate_software_interrupt                  ./libopencm3//lib/libopencm3_stm32f4.a(nvic.o)
nvic_get_active_irq                               ./libopencm3//lib/libopencm3_stm32f4.a(nvic.o)
nvic_get_irq_enabled                              ./libopencm3//lib/libopencm3_stm32f4.a(nvic.o)
nvic_get_pending_irq                              ./libopencm3//lib/libopencm3_stm32f4.a(nvic.o)
nvic_set_pending_irq                              ./libopencm3//lib/libopencm3_stm32f4.a(nvic.o)
nvic_set_priority                                 ./libopencm3//lib/libopencm3_stm32f4.a(nvic.o)
nvic_wwdg_isr                                     ./libopencm3//lib/libopencm3_stm32f4.a(vector.o)
otg_fs_isr                                        ./libopencm3//lib/libopencm3_stm32f4.a(vector.o)
otg_hs_ep1_in_isr                                 ./libopencm3//lib/libopencm3_stm32f4.a(vector.o)
otg_hs_ep1_out_isr                                ./libopencm3//lib/libopencm3_stm32f4.a(vector.o)
otg_hs_isr                                        ./libopencm3//lib/libopencm3_stm32f4.a(vector.o)
otg_hs_wkup_isr                                   ./libopencm3//lib/libopencm3_stm32f4.a(vector.o)
pend_sv_handler                                   ./libopencm3//lib/libopencm3_stm32f4.a(vector.o)
pvd_isr                                           ./libopencm3//lib/libopencm3_stm32f4.a(vector.o)
pwr_set_vos_scale                                 ./libopencm3//lib/libopencm3_stm32f4.a(pwr.o)
                                                  ./libopencm3//lib/libopencm3_stm32f4.a(rcc.o)
rcc_ahb_frequency                                 ./libopencm3//lib/libopencm3_stm32f4.a(rcc.o)
rcc_apb1_frequency                                ./libopencm3//lib/libopencm3_stm32f4.a(rcc.o)
rcc_apb2_frequency                                ./libopencm3//lib/libopencm3_stm32f4.a(rcc.o)
rcc_clock_setup_hse_3v3                           ./libopencm3//lib/libopencm3_stm32f4.a(rcc.o)
rcc_clock_setup_pll                               ./libopencm3//lib/libopencm3_stm32f4.a(rcc.o)
                                                  clock.o
rcc_css_disable                                   ./libopencm3//lib/libopencm3_stm32f4.a(rcc.o)
rcc_css_enable                                    ./libopencm3//lib/libopencm3_stm32f4.a(rcc.o)
rcc_css_int_clear                                 ./libopencm3//lib/libopencm3_stm32f4.a(rcc.o)
rcc_css_int_flag                                  ./libopencm3//lib/libopencm3_stm32f4.a(rcc.o)
rcc_get_div_from_hpre                             ./libopencm3//lib/libopencm3_stm32f4.a(rcc_common_all.o)
rcc_get_i2c_clk_freq                              ./libopencm3//lib/libopencm3_stm32f4.a(rcc.o)
rcc_get_spi_clk_freq                              ./libopencm3//lib/libopencm3_stm32f4.a(rcc.o)
rcc_get_timer_clk_freq                            ./libopencm3//lib/libopencm3_stm32f4.a(rcc.o)
rcc_get_usart_clk_freq                            ./libopencm3//lib/libopencm3_stm32f4.a(rcc.o)
                                                  ./libopencm3//lib/libopencm3_stm32f4.a(usart_common_all.o)
rcc_hse_12mhz_3v3                                 ./libopencm3//lib/libopencm3_stm32f4.a(rcc.o)
rcc_hse_16mhz_3v3                                 ./libopencm3//lib/libopencm3_stm32f4.a(rcc.o)
rcc_hse_25mhz_3v3                                 ./libopencm3//lib/libopencm3_stm32f4.a(rcc.o)
rcc_hse_8mhz_3v3                                  ./libopencm3//lib/libopencm3_stm32f4.a(rcc.o)
                                                  clock.o
rcc_hsi_configs                                   ./libopencm3//lib/libopencm3_stm32f4.a(rcc.o)
rcc_is_osc_ready                                  ./libopencm3//lib/libopencm3_stm32f4.a(rcc.o)
rcc_isr                                           ./libopencm3//lib/libopencm3_stm32f4.a(vector.o)
rcc_osc_bypass_disable                            ./libopencm3//lib/libopencm3_stm32f4.a(rcc_common_all.o)
rcc_osc_bypass_enable                             ./libopencm3//lib/libopencm3_stm32f4.a(rcc_common_all.o)
rcc_osc_off                                       ./libopencm3//lib/libopencm3_stm32f4.a(rcc.o)
rcc_osc_on                                        ./libopencm3//lib/libopencm3_stm32f4.a(rcc.o)
rcc_osc_ready_int_clear                           ./libopencm3//lib/libopencm3_stm32f4.a(rcc.o)
rcc_osc_ready_int_disable                         ./libopencm3//lib/libopencm3_stm32f4.a(rcc.o)
rcc_osc_ready_int_enable                          ./libopencm3//lib/libopencm3_stm32f4.a(rcc.o)
rcc_osc_ready_int_flag                            ./libopencm3//lib/libopencm3_stm32f4.a(rcc.o)
rcc_periph_clock_disable                          ./libopencm3//lib/libopencm3_stm32f4.a(rcc_common_all.o)
rcc_periph_clock_enable                           ./libopencm3//lib/libopencm3_stm32f4.a(rcc_common_all.o)
                                                  ./libopencm3//lib/libopencm3_stm32f4.a(rcc.o)
                                                  lcd-spi.o
                                                  console.o
                                                  sdram.o
rcc_periph_reset_hold                             ./libopencm3//lib/libopencm3_stm32f4.a(rcc_common_all.o)
rcc_periph_reset_pulse                            ./libopencm3//lib/libopencm3_stm32f4.a(rcc_common_all.o)
rcc_periph_reset_release                          ./libopencm3//lib/libopencm3_stm32f4.a(rcc_common_all.o)
rcc_peripheral_clear_reset                        ./libopencm3//lib/libopencm3_stm32f4.a(rcc_common_all.o)
rcc_peripheral_disable_clock                      ./libopencm3//lib/libopencm3_stm32f4.a(rcc_common_all.o)
rcc_peripheral_enable_clock                       ./libopencm3//lib/libopencm3_stm32f4.a(rcc_common_all.o)
rcc_peripheral_reset                              ./libopencm3//lib/libopencm3_stm32f4.a(rcc_common_all.o)
rcc_plli2s_config                                 ./libopencm3//lib/libopencm3_stm32f4.a(rcc.o)
rcc_pllsai_config                                 ./libopencm3//lib/libopencm3_stm32f4.a(rcc.o)
rcc_pllsai_postscalers                            ./libopencm3//lib/libopencm3_stm32f4.a(rcc.o)
rcc_set_hpre                                      ./libopencm3//lib/libopencm3_stm32f4.a(rcc.o)
rcc_set_main_pll_hse                              ./libopencm3//lib/libopencm3_stm32f4.a(rcc.o)
rcc_set_main_pll_hsi                              ./libopencm3//lib/libopencm3_stm32f4.a(rcc.o)
rcc_set_mco                                       ./libopencm3//lib/libopencm3_stm32f4.a(rcc_common_all.o)
rcc_set_pll_source                                ./libopencm3//lib/libopencm3_stm32f4.a(rcc.o)
rcc_set_ppre1                                     ./libopencm3//lib/libopencm3_stm32f4.a(rcc.o)
rcc_set_ppre2                                     ./libopencm3//lib/libopencm3_stm32f4.a(rcc.o)
rcc_set_rtcpre                                    ./libopencm3//lib/libopencm3_stm32f4.a(rcc.o)
rcc_set_sysclk_source                             ./libopencm3//lib/libopencm3_stm32f4.a(rcc.o)
rcc_system_clock_source                           ./libopencm3//lib/libopencm3_stm32f4.a(rcc.o)
rcc_wait_for_osc_ready                            ./libopencm3//lib/libopencm3_stm32f4.a(rcc.o)
rcc_wait_for_sysclk_status                        ./libopencm3//lib/libopencm3_stm32f4.a(rcc.o)
recv_buf                                          console.o
recv_ndx_cur                                      console.o
recv_ndx_nxt                                      console.o
reset_handler                                     ./libopencm3//lib/libopencm3_stm32f4.a(vector.o)
rtc_alarm_isr                                     ./libopencm3//lib/libopencm3_stm32f4.a(vector.o)
rtc_wkup_isr                                      ./libopencm3//lib/libopencm3_stm32f4.a(vector.o)
sai1_isr                                          ./libopencm3//lib/libopencm3_stm32f4.a(vector.o)
scb_reset_core                                    ./libopencm3//lib/libopencm3_stm32f4.a(scb.o)
scb_reset_system                                  ./libopencm3//lib/libopencm3_stm32f4.a(scb.o)
                                                  console.o
scb_set_priority_grouping                         ./libopencm3//lib/libopencm3_stm32f4.a(scb.o)
sdio_isr                                          ./libopencm3//lib/libopencm3_stm32f4.a(vector.o)
sdram_command                                     ./libopencm3//lib/libopencm3_stm32f4.a(fmc_common_f47.o)
                                                  sdram.o
sdram_init                                        sdram.o
sdram_timing                                      ./libopencm3//lib/libopencm3_stm32f4.a(fmc_common_f47.o)
                                                  sdram.o
spi1_isr                                          ./libopencm3//lib/libopencm3_stm32f4.a(vector.o)
spi2_isr                                          ./libopencm3//lib/libopencm3_stm32f4.a(vector.o)
spi3_isr                                          ./libopencm3//lib/libopencm3_stm32f4.a(vector.o)
spi4_isr                                          ./libopencm3//lib/libopencm3_stm32f4.a(vector.o)
spi5_isr                                          ./libopencm3//lib/libopencm3_stm32f4.a(vector.o)
spi6_isr                                          ./libopencm3//lib/libopencm3_stm32f4.a(vector.o)
spi_clean_disable                                 ./libopencm3//lib/libopencm3_stm32f4.a(spi_common_all.o)
spi_disable                                       ./libopencm3//lib/libopencm3_stm32f4.a(spi_common_all.o)
spi_disable_crc                                   ./libopencm3//lib/libopencm3_stm32f4.a(spi_common_all.o)
spi_disable_error_interrupt                       ./libopencm3//lib/libopencm3_stm32f4.a(spi_common_all.o)
spi_disable_rx_buffer_not_empty_interrupt         ./libopencm3//lib/libopencm3_stm32f4.a(spi_common_all.o)
spi_disable_rx_dma                                ./libopencm3//lib/libopencm3_stm32f4.a(spi_common_all.o)
spi_disable_software_slave_management             ./libopencm3//lib/libopencm3_stm32f4.a(spi_common_all.o)
spi_disable_ss_output                             ./libopencm3//lib/libopencm3_stm32f4.a(spi_common_all.o)
spi_disable_tx_buffer_empty_interrupt             ./libopencm3//lib/libopencm3_stm32f4.a(spi_common_all.o)
spi_disable_tx_dma                                ./libopencm3//lib/libopencm3_stm32f4.a(spi_common_all.o)
spi_enable                                        ./libopencm3//lib/libopencm3_stm32f4.a(spi_common_all.o)
                                                  lcd-spi.o
spi_enable_crc                                    ./libopencm3//lib/libopencm3_stm32f4.a(spi_common_all.o)
spi_enable_error_interrupt                        ./libopencm3//lib/libopencm3_stm32f4.a(spi_common_all.o)
spi_enable_rx_buffer_not_empty_interrupt          ./libopencm3//lib/libopencm3_stm32f4.a(spi_common_all.o)
spi_enable_rx_dma                                 ./libopencm3//lib/libopencm3_stm32f4.a(spi_common_all.o)
spi_enable_software_slave_management              ./libopencm3//lib/libopencm3_stm32f4.a(spi_common_all.o)
spi_enable_ss_output                              ./libopencm3//lib/libopencm3_stm32f4.a(spi_common_all.o)
                                                  lcd-spi.o
spi_enable_tx_buffer_empty_interrupt              ./libopencm3//lib/libopencm3_stm32f4.a(spi_common_all.o)
spi_enable_tx_dma                                 ./libopencm3//lib/libopencm3_stm32f4.a(spi_common_all.o)
spi_init_master                                   ./libopencm3//lib/libopencm3_stm32f4.a(spi_common_v1.o)
                                                  lcd-spi.o
spi_read                                          ./libopencm3//lib/libopencm3_stm32f4.a(spi_common_all.o)
spi_send                                          ./libopencm3//lib/libopencm3_stm32f4.a(spi_common_all.o)
spi_send_lsb_first                                ./libopencm3//lib/libopencm3_stm32f4.a(spi_common_all.o)
spi_send_msb_first                                ./libopencm3//lib/libopencm3_stm32f4.a(spi_common_all.o)
spi_set_baudrate_prescaler                        ./libopencm3//lib/libopencm3_stm32f4.a(spi_common_all.o)
spi_set_bidirectional_mode                        ./libopencm3//lib/libopencm3_stm32f4.a(spi_common_all.o)
spi_set_bidirectional_receive_only_mode           ./libopencm3//lib/libopencm3_stm32f4.a(spi_common_all.o)
spi_set_bidirectional_transmit_only_mode          ./libopencm3//lib/libopencm3_stm32f4.a(spi_common_all.o)
spi_set_clock_phase_0                             ./libopencm3//lib/libopencm3_stm32f4.a(spi_common_all.o)
spi_set_clock_phase_1                             ./libopencm3//lib/libopencm3_stm32f4.a(spi_common_all.o)
spi_set_clock_polarity_0                          ./libopencm3//lib/libopencm3_stm32f4.a(spi_common_all.o)
spi_set_clock_polarity_1                          ./libopencm3//lib/libopencm3_stm32f4.a(spi_common_all.o)
spi_set_dff_16bit                                 ./libopencm3//lib/libopencm3_stm32f4.a(spi_common_v1.o)
spi_set_dff_8bit                                  ./libopencm3//lib/libopencm3_stm32f4.a(spi_common_v1.o)
spi_set_full_duplex_mode                          ./libopencm3//lib/libopencm3_stm32f4.a(spi_common_all.o)
spi_set_master_mode                               ./libopencm3//lib/libopencm3_stm32f4.a(spi_common_all.o)
spi_set_next_tx_from_buffer                       ./libopencm3//lib/libopencm3_stm32f4.a(spi_common_all.o)
spi_set_next_tx_from_crc                          ./libopencm3//lib/libopencm3_stm32f4.a(spi_common_all.o)
spi_set_nss_high                                  ./libopencm3//lib/libopencm3_stm32f4.a(spi_common_all.o)
spi_set_nss_low                                   ./libopencm3//lib/libopencm3_stm32f4.a(spi_common_all.o)
spi_set_receive_only_mode                         ./libopencm3//lib/libopencm3_stm32f4.a(spi_common_all.o)
spi_set_slave_mode                                ./libopencm3//lib/libopencm3_stm32f4.a(spi_common_all.o)
spi_set_standard_mode                             ./libopencm3//lib/libopencm3_stm32f4.a(spi_common_all.o)
spi_set_unidirectional_mode                       ./libopencm3//lib/libopencm3_stm32f4.a(spi_common_all.o)
spi_write                                         ./libopencm3//lib/libopencm3_stm32f4.a(spi_common_all.o)
spi_xfer                                          ./libopencm3//lib/libopencm3_stm32f4.a(spi_common_all.o)
                                                  lcd-spi.o
sv_call_handler                                   ./libopencm3//lib/libopencm3_stm32f4.a(vector.o)
sys_tick_handler                                  clock.o
systick_clear                                     ./libopencm3//lib/libopencm3_stm32f4.a(systick.o)
systick_counter_disable                           ./libopencm3//lib/libopencm3_stm32f4.a(systick.o)
systick_counter_enable                            ./libopencm3//lib/libopencm3_stm32f4.a(systick.o)
                                                  clock.o
systick_get_calib                                 ./libopencm3//lib/libopencm3_stm32f4.a(systick.o)
systick_get_countflag                             ./libopencm3//lib/libopencm3_stm32f4.a(systick.o)
systick_get_reload                                ./libopencm3//lib/libopencm3_stm32f4.a(systick.o)
systick_get_value                                 ./libopencm3//lib/libopencm3_stm32f4.a(systick.o)
systick_interrupt_disable                         ./libopencm3//lib/libopencm3_stm32f4.a(systick.o)
systick_interrupt_enable                          ./libopencm3//lib/libopencm3_stm32f4.a(systick.o)
                                                  clock.o
systick_set_clocksource                           ./libopencm3//lib/libopencm3_stm32f4.a(systick.o)
                                                  clock.o
systick_set_frequency                             ./libopencm3//lib/libopencm3_stm32f4.a(systick.o)
systick_set_reload                                ./libopencm3//lib/libopencm3_stm32f4.a(systick.o)
                                                  clock.o
tamp_stamp_isr                                    ./libopencm3//lib/libopencm3_stm32f4.a(vector.o)
tim1_brk_tim9_isr                                 ./libopencm3//lib/libopencm3_stm32f4.a(vector.o)
tim1_cc_isr                                       ./libopencm3//lib/libopencm3_stm32f4.a(vector.o)
tim1_trg_com_tim11_isr                            ./libopencm3//lib/libopencm3_stm32f4.a(vector.o)
tim1_up_tim10_isr                                 ./libopencm3//lib/libopencm3_stm32f4.a(vector.o)
tim2_isr                                          ./libopencm3//lib/libopencm3_stm32f4.a(vector.o)
tim3_isr                                          ./libopencm3//lib/libopencm3_stm32f4.a(vector.o)
tim4_isr                                          ./libopencm3//lib/libopencm3_stm32f4.a(vector.o)
tim5_isr                                          ./libopencm3//lib/libopencm3_stm32f4.a(vector.o)
tim6_dac_isr                                      ./libopencm3//lib/libopencm3_stm32f4.a(vector.o)
tim7_isr                                          ./libopencm3//lib/libopencm3_stm32f4.a(vector.o)
tim8_brk_tim12_isr                                ./libopencm3//lib/libopencm3_stm32f4.a(vector.o)
tim8_cc_isr                                       ./libopencm3//lib/libopencm3_stm32f4.a(vector.o)
tim8_trg_com_tim14_isr                            ./libopencm3//lib/libopencm3_stm32f4.a(vector.o)
tim8_up_tim13_isr                                 ./libopencm3//lib/libopencm3_stm32f4.a(vector.o)
uart4_isr                                         ./libopencm3//lib/libopencm3_stm32f4.a(vector.o)
uart5_isr                                         ./libopencm3//lib/libopencm3_stm32f4.a(vector.o)
uart7_isr                                         ./libopencm3//lib/libopencm3_stm32f4.a(vector.o)
uart8_isr                                         ./libopencm3//lib/libopencm3_stm32f4.a(vector.o)
usage_fault_handler                               ./libopencm3//lib/libopencm3_stm32f4.a(vector.o)
usart1_isr                                        console.o
usart2_isr                                        ./libopencm3//lib/libopencm3_stm32f4.a(vector.o)
usart3_isr                                        ./libopencm3//lib/libopencm3_stm32f4.a(vector.o)
usart6_isr                                        ./libopencm3//lib/libopencm3_stm32f4.a(vector.o)
usart_disable                                     ./libopencm3//lib/libopencm3_stm32f4.a(usart_common_all.o)
usart_disable_error_interrupt                     ./libopencm3//lib/libopencm3_stm32f4.a(usart_common_all.o)
usart_disable_idle_interrupt                      ./libopencm3//lib/libopencm3_stm32f4.a(usart_common_all.o)
usart_disable_rx_dma                              ./libopencm3//lib/libopencm3_stm32f4.a(usart_common_all.o)
usart_disable_rx_interrupt                        ./libopencm3//lib/libopencm3_stm32f4.a(usart_common_all.o)
usart_disable_tx_complete_interrupt               ./libopencm3//lib/libopencm3_stm32f4.a(usart_common_all.o)
usart_disable_tx_dma                              ./libopencm3//lib/libopencm3_stm32f4.a(usart_common_all.o)
usart_disable_tx_interrupt                        ./libopencm3//lib/libopencm3_stm32f4.a(usart_common_all.o)
usart_enable                                      ./libopencm3//lib/libopencm3_stm32f4.a(usart_common_all.o)
                                                  console.o
usart_enable_error_interrupt                      ./libopencm3//lib/libopencm3_stm32f4.a(usart_common_all.o)
usart_enable_idle_interrupt                       ./libopencm3//lib/libopencm3_stm32f4.a(usart_common_all.o)
usart_enable_rx_dma                               ./libopencm3//lib/libopencm3_stm32f4.a(usart_common_all.o)
usart_enable_rx_interrupt                         ./libopencm3//lib/libopencm3_stm32f4.a(usart_common_all.o)
                                                  console.o
usart_enable_tx_complete_interrupt                ./libopencm3//lib/libopencm3_stm32f4.a(usart_common_all.o)
usart_enable_tx_dma                               ./libopencm3//lib/libopencm3_stm32f4.a(usart_common_all.o)
usart_enable_tx_interrupt                         ./libopencm3//lib/libopencm3_stm32f4.a(usart_common_all.o)
usart_get_databits                                ./libopencm3//lib/libopencm3_stm32f4.a(usart_common_all.o)
usart_get_flag                                    ./libopencm3//lib/libopencm3_stm32f4.a(usart_common_f124.o)
usart_get_parity                                  ./libopencm3//lib/libopencm3_stm32f4.a(usart_common_all.o)
usart_get_stopbits                                ./libopencm3//lib/libopencm3_stm32f4.a(usart_common_all.o)
usart_recv                                        ./libopencm3//lib/libopencm3_stm32f4.a(usart_common_f124.o)
                                                  ./libopencm3//lib/libopencm3_stm32f4.a(usart_common_all.o)
usart_recv_blocking                               ./libopencm3//lib/libopencm3_stm32f4.a(usart_common_all.o)
usart_send                                        ./libopencm3//lib/libopencm3_stm32f4.a(usart_common_f124.o)
                                                  ./libopencm3//lib/libopencm3_stm32f4.a(usart_common_all.o)
usart_send_blocking                               ./libopencm3//lib/libopencm3_stm32f4.a(usart_common_all.o)
usart_set_baudrate                                ./libopencm3//lib/libopencm3_stm32f4.a(usart_common_all.o)
                                                  console.o
usart_set_databits                                ./libopencm3//lib/libopencm3_stm32f4.a(usart_common_all.o)
                                                  console.o
usart_set_flow_control                            ./libopencm3//lib/libopencm3_stm32f4.a(usart_common_all.o)
                                                  console.o
usart_set_mode                                    ./libopencm3//lib/libopencm3_stm32f4.a(usart_common_all.o)
                                                  console.o
usart_set_parity                                  ./libopencm3//lib/libopencm3_stm32f4.a(usart_common_all.o)
                                                  console.o
usart_set_stopbits                                ./libopencm3//lib/libopencm3_stm32f4.a(usart_common_all.o)
                                                  console.o
usart_wait_recv_ready                             ./libopencm3//lib/libopencm3_stm32f4.a(usart_common_f124.o)
                                                  ./libopencm3//lib/libopencm3_stm32f4.a(usart_common_all.o)
usart_wait_send_ready                             ./libopencm3//lib/libopencm3_stm32f4.a(usart_common_f124.o)
                                                  ./libopencm3//lib/libopencm3_stm32f4.a(usart_common_all.o)
usb_fs_wkup_isr                                   ./libopencm3//lib/libopencm3_stm32f4.a(vector.o)
vector_table                                      ./libopencm3//lib/libopencm3_stm32f4.a(vector.o)
